Component: ARM Compiler 5.06 update 7 (build 960) Tool: armlink [4d3601]

==============================================================================

Section Cross References

    startup_stm32f10x_hd.o(RESET) refers to startup_stm32f10x_hd.o(STACK) for __initial_sp
    startup_stm32f10x_hd.o(RESET) refers to startup_stm32f10x_hd.o(.text) for Reset_Handler
    startup_stm32f10x_hd.o(RESET) refers to stm32f10x_it.o(i.NMI_Handler) for NMI_Handler
    startup_stm32f10x_hd.o(RESET) refers to stm32f10x_it.o(i.HardFault_Handler) for HardFault_Handler
    startup_stm32f10x_hd.o(RESET) refers to stm32f10x_it.o(i.MemManage_Handler) for MemManage_Handler
    startup_stm32f10x_hd.o(RESET) refers to stm32f10x_it.o(i.BusFault_Handler) for BusFault_Handler
    startup_stm32f10x_hd.o(RESET) refers to stm32f10x_it.o(i.UsageFault_Handler) for UsageFault_Handler
    startup_stm32f10x_hd.o(RESET) refers to stm32f10x_it.o(i.SVC_Handler) for SVC_Handler
    startup_stm32f10x_hd.o(RESET) refers to stm32f10x_it.o(i.DebugMon_Handler) for DebugMon_Handler
    startup_stm32f10x_hd.o(RESET) refers to stm32f10x_it.o(i.PendSV_Handler) for PendSV_Handler
    startup_stm32f10x_hd.o(RESET) refers to stm32f10x_it.o(i.SysTick_Handler) for SysTick_Handler
    startup_stm32f10x_hd.o(RESET) refers to encoder.o(i.TIM2_IRQHandler) for TIM2_IRQHandler
    startup_stm32f10x_hd.o(RESET) refers to encoder.o(i.TIM3_IRQHandler) for TIM3_IRQHandler
    startup_stm32f10x_hd.o(RESET) refers to encoder.o(i.TIM4_IRQHandler) for TIM4_IRQHandler
    startup_stm32f10x_hd.o(RESET) refers to stm32f10x_it.o(i.USART2_IRQHandler) for USART2_IRQHandler
    startup_stm32f10x_hd.o(RESET) refers to bsp_usart.o(i.USART3_IRQHandler) for USART3_IRQHandler
    startup_stm32f10x_hd.o(RESET) refers to bsp_usart5.o(i.UART5_IRQHandler) for UART5_IRQHandler
    startup_stm32f10x_hd.o(RESET) refers to stm32f10x_it.o(i.TIM6_IRQHandler) for TIM6_IRQHandler
    startup_stm32f10x_hd.o(.text) refers to system_stm32f10x.o(i.SystemInit) for SystemInit
    startup_stm32f10x_hd.o(.text) refers to entry.o(.ARM.Collect$$$$00000000) for __main
    system_stm32f10x.o(i.SetSysClock) refers to system_stm32f10x.o(i.SetSysClockTo72) for SetSysClockTo72
    system_stm32f10x.o(i.SystemCoreClockUpdate) refers to system_stm32f10x.o(.data) for SystemCoreClock
    system_stm32f10x.o(i.SystemInit) refers to system_stm32f10x.o(i.SetSysClock) for SetSysClock
    stm32f10x_adc.o(i.ADC_DeInit) refers to stm32f10x_rcc.o(i.RCC_APB2PeriphResetCmd) for RCC_APB2PeriphResetCmd
    stm32f10x_bkp.o(i.BKP_DeInit) refers to stm32f10x_rcc.o(i.RCC_BackupResetCmd) for RCC_BackupResetCmd
    stm32f10x_can.o(i.CAN_DeInit) refers to stm32f10x_rcc.o(i.RCC_APB1PeriphResetCmd) for RCC_APB1PeriphResetCmd
    stm32f10x_can.o(i.CAN_GetITStatus) refers to stm32f10x_can.o(i.CheckITStatus) for CheckITStatus
    stm32f10x_cec.o(i.CEC_DeInit) refers to stm32f10x_rcc.o(i.RCC_APB1PeriphResetCmd) for RCC_APB1PeriphResetCmd
    stm32f10x_dac.o(i.DAC_DeInit) refers to stm32f10x_rcc.o(i.RCC_APB1PeriphResetCmd) for RCC_APB1PeriphResetCmd
    stm32f10x_flash.o(i.FLASH_EnableWriteProtection) refers to stm32f10x_flash.o(i.FLASH_WaitForLastOperation) for FLASH_WaitForLastOperation
    stm32f10x_flash.o(i.FLASH_EraseAllBank1Pages) refers to stm32f10x_flash.o(i.FLASH_WaitForLastBank1Operation) for FLASH_WaitForLastBank1Operation
    stm32f10x_flash.o(i.FLASH_EraseAllPages) refers to stm32f10x_flash.o(i.FLASH_WaitForLastOperation) for FLASH_WaitForLastOperation
    stm32f10x_flash.o(i.FLASH_EraseOptionBytes) refers to stm32f10x_flash.o(i.FLASH_GetReadOutProtectionStatus) for FLASH_GetReadOutProtectionStatus
    stm32f10x_flash.o(i.FLASH_EraseOptionBytes) refers to stm32f10x_flash.o(i.FLASH_WaitForLastOperation) for FLASH_WaitForLastOperation
    stm32f10x_flash.o(i.FLASH_ErasePage) refers to stm32f10x_flash.o(i.FLASH_WaitForLastOperation) for FLASH_WaitForLastOperation
    stm32f10x_flash.o(i.FLASH_ProgramHalfWord) refers to stm32f10x_flash.o(i.FLASH_WaitForLastOperation) for FLASH_WaitForLastOperation
    stm32f10x_flash.o(i.FLASH_ProgramOptionByteData) refers to stm32f10x_flash.o(i.FLASH_WaitForLastOperation) for FLASH_WaitForLastOperation
    stm32f10x_flash.o(i.FLASH_ProgramWord) refers to stm32f10x_flash.o(i.FLASH_WaitForLastOperation) for FLASH_WaitForLastOperation
    stm32f10x_flash.o(i.FLASH_ReadOutProtection) refers to stm32f10x_flash.o(i.FLASH_WaitForLastOperation) for FLASH_WaitForLastOperation
    stm32f10x_flash.o(i.FLASH_UserOptionByteConfig) refers to stm32f10x_flash.o(i.FLASH_WaitForLastOperation) for FLASH_WaitForLastOperation
    stm32f10x_flash.o(i.FLASH_WaitForLastBank1Operation) refers to stm32f10x_flash.o(i.FLASH_GetBank1Status) for FLASH_GetBank1Status
    stm32f10x_flash.o(i.FLASH_WaitForLastOperation) refers to stm32f10x_flash.o(i.FLASH_GetBank1Status) for FLASH_GetBank1Status
[...]
    Removing speed.o(i.Speed_PID), (240 bytes).
    Removing speed.o(i.motor_work), (284 bytes).
    Removing speed.o(i.speed_control), (376 bytes).
    Removing speed.o(i.step_walk), (1480 bytes).
    Removing speed.o(.data), (164 bytes).
    Removing exti.o(i.MPU6050_EXTI_Init), (80 bytes).
    Removing exti.o(i.NVIC_Config), (40 bytes).
    Removing encoder.o(i.Get_Motor_Speed), (48 bytes).
    Removing encoder.o(i.Read_encoder), (124 bytes).
    Removing encoder.o(i.TIM8_IRQHandler), (28 bytes).
    Removing hand.o(i.catch), (72 bytes).
    Removing hand.o(i.catch_down1), (564 bytes).
    Removing hand.o(i.catch_down11), (452 bytes).
    Removing hand.o(i.catch_down2), (424 bytes).
    Removing hand.o(i.catch_down22), (640 bytes).
    Removing hand.o(i.catch_down3), (564 bytes).
    Removing hand.o(i.catch_down33), (364 bytes).
    Removing hand.o(i.catch_left1), (548 bytes).
    Removing hand.o(i.catch_left2), (584 bytes).
    Removing hand.o(i.catch_left3), (552 bytes).
    Removing hand.o(i.catch_left_down1), (604 bytes).
    Removing hand.o(i.catch_right1), (504 bytes).
    Removing hand.o(i.catch_right2), (604 bytes).
    Removing hand.o(i.catch_right3), (628 bytes).
    Removing hand.o(i.catch_right_down1), (628 bytes).
    Removing hand.o(i.catch_zhong1), (372 bytes).
    Removing hand.o(i.catch_zhong2), (456 bytes).
    Removing hand.o(i.catch_zhong_down1), (888 bytes).
    Removing hand.o(i.clamp), (40 bytes).
    Removing hand.o(i.guodu), (92 bytes).
    Removing hand.o(i.huizhong1), (44 bytes).
    Removing hand.o(i.huizhong2), (44 bytes).
    Removing hand.o(i.huizhong3), (44 bytes).
    Removing hand.o(i.law_grand1), (38 bytes).
    Removing hand.o(i.law_grand2), (38 bytes).
    Removing hand.o(i.law_out), (72 bytes).
    Removing hand.o(i.look_qr), (44 bytes).
    Removing hand.o(i.look_up_position), (54 bytes).
    Removing hand.o(i.put_down1), (736 bytes).
    Removing hand.o(i.put_down2), (652 bytes).
    Removing hand.o(i.put_down3), (704 bytes).
    Removing hand.o(i.put_left2), (584 bytes).
    Removing hand.o(i.put_right2), (584 bytes).
    Removing hand.o(i.put_zhong2), (492 bytes).
    Removing hand.o(i.rank_catch), (156 bytes).
    Removing hand.o(i.start), (54 bytes).
    Removing control.o(i.main_control_2), (440 bytes).
    Removing control.o(i.move_step), (60 bytes).
    Removing hand_block.o(i.catch_return), (50 bytes).
    Removing hand_block.o(i.half_position), (30 bytes).
    Removing hand_block.o(i.rank_lay), (64 bytes).
    Removing hand_block.o(i.rank_lay_higher), (50 bytes).
    Removing hand_block.o(i.rough_position), (54 bytes).
    Removing pca9685.o(i.PCA_MG9XX_Init), (34 bytes).
    Removing pca9685.o(i.set_all_duoji), (70 bytes).
    Removing pca9685.o(i.set_duoji), (56 bytes).
    Removing pca9685.o(.data), (4 bytes).
    Removing bsp_usart5.o(i.Usart_SendArray), (48 bytes).
    Removing bsp_usart5.o(i.Usart_SendByte_5), (30 bytes).
    Removing bsp_usart5.o(i.zhuanhuan), (30 bytes).
    Removing oled.o(i.OLED_ColorTurn), (28 bytes).
    Removing oled.o(i.OLED_DisPlay_Off), (28 bytes).
    Removing oled.o(i.OLED_DisPlay_On), (28 bytes).
    Removing oled.o(i.OLED_DisplayTurn), (44 bytes).
    Removing oled.o(i.OLED_DrawCircle), (168 bytes).
    Removing oled.o(i.OLED_DrawLine), (172 bytes).
    Removing oled.o(i.OLED_DrawPoint), (120 bytes).
    Removing oled.o(i.OLED_Pow), (22 bytes).
    Removing oled.o(i.OLED_ScrollDisplay), (172 bytes).
    Removing oled.o(i.OLED_ShowChar), (316 bytes).
    Removing oled.o(i.OLED_ShowChinese), (260 bytes).
    Removing oled.o(i.OLED_ShowNum), (140 bytes).
    Removing oled.o(i.OLED_ShowPicture), (214 bytes).
    Removing oled.o(i.OLED_ShowString), (74 bytes).
    Removing oled.o(i.OLED_work), (1604 bytes).
    Removing oled.o(.constdata), (7696 bytes).
    Removing oled.o(.data), (36864 bytes).
    Removing fadd.o(.text), (176 bytes).
    Removing fmul.o(.text), (100 bytes).
    Removing fdiv.o(.text), (124 bytes).
    Removing fflti.o(.text), (18 bytes).
    Removing ffixi.o(.text), (50 bytes).
    Removing cfcmple.o(.text), (20 bytes).
    Removing cfrcmple.o(.text), (20 bytes).
    Removing dfixul.o(.text), (48 bytes).

543 unused section(s) (total 87178 bytes) removed from the image.

==============================================================================

Image Symbol Table

    Local Symbols

    Symbol Name                              Value     Ov Type        Size  Object(Section)

    ../clib/../cmprslib/zerorunl2.c          0x00000000   Number         0  __dczerorl2.o ABSOLUTE
    ../clib/microlib/division.c              0x00000000   Number         0  uldiv.o ABSOLUTE
    ../clib/microlib/division.c              0x00000000   Number         0  uidiv.o ABSOLUTE
    ../clib/microlib/init/entry.s            0x00000000   Number         0  entry11a.o ABSOLUTE
    ../clib/microlib/init/entry.s            0x00000000   Number         0  entry7b.o ABSOLUTE
    ../clib/microlib/init/entry.s            0x00000000   Number         0  entry9b.o ABSOLUTE
    ../clib/microlib/init/entry.s            0x00000000   Number         0  entry10a.o ABSOLUTE
    ../clib/microlib/init/entry.s            0x00000000   Number         0  entry8a.o ABSOLUTE
    ../clib/microlib/init/entry.s            0x00000000   Number         0  entry.o ABSOLUTE
    ../clib/microlib/init/entry.s            0x00000000   Number         0  entry10b.o ABSOLUTE
    ../clib/microlib/init/entry.s            0x00000000   Number         0  entry8b.o ABSOLUTE
    ../clib/microlib/init/entry.s            0x00000000   Number         0  entry12b.o ABSOLUTE
    ../clib/microlib/init/entry.s            0x00000000   Number         0  entry5.o ABSOLUTE
    ../clib/microlib/init/entry.s            0x00000000   Number         0  entry12a.o ABSOLUTE
    ../clib/microlib/init/entry.s            0x00000000   Number         0  entry11b.o ABSOLUTE
    ../clib/microlib/init/entry.s            0x00000000   Number         0  entry9a.o ABSOLUTE
    ../clib/microlib/init/entry.s            0x00000000   Number         0  entry2.o ABSOLUTE
    ../clib/microlib/init/entry.s            0x00000000   Number         0  entry7a.o ABSOLUTE
    ../clib/microlib/longlong.c              0x00000000   Number         0  llushr.o ABSOLUTE
    ../clib/microlib/longlong.c              0x00000000   Number         0  llshl.o ABSOLUTE
    ../clib/microlib/longlong.c              0x00000000   Number         0  llsshr.o ABSOLUTE
    ../clib/microlib/printf/printf.c         0x00000000   Number         0  printfb.o ABSOLUTE
    ../clib/microlib/printf/printf.c         0x00000000   Number         0  printf2.o ABSOLUTE
    ../clib/microlib/printf/printf.c         0x00000000   Number         0  printf3.o ABSOLUTE
    ../clib/microlib/printf/printf.c         0x00000000   Number         0  printf4.o ABSOLUTE
    ../clib/microlib/printf/printf.c         0x00000000   Number         0  printf5.o ABSOLUTE
    ../clib/microlib/printf/printf.c         0x00000000   Number         0  printfa.o ABSOLUTE
    ../clib/microlib/printf/printf.c         0x00000000   Number         0  printf7.o ABSOLUTE
    ../clib/microlib/printf/printf.c         0x00000000   Number         0  printf0.o ABSOLUTE
    ../clib/microlib/printf/printf.c         0x00000000   Number         0  printf8.o ABSOLUTE
    ../clib/microlib/printf/printf.c         0x00000000   Number         0  printf6.o ABSOLUTE
    ../clib/microlib/printf/printf.c         0x00000000   Number         0  printf1.o ABSOLUTE
    ../clib/microlib/printf/stubs.s          0x00000000   Number         0  stubs.o ABSOLUTE
    ../clib/microlib/stdio/streams.c         0x00000000   Number         0  stdout.o ABSOLUTE
    ../clib/microlib/stubs.s                 0x00000000   Number         0  iusefp.o ABSOLUTE
    ../fplib/microlib/d2f.c                  0x00000000   Number         0  d2f.o ABSOLUTE
    ../fplib/microlib/f2d.c                  0x00000000   Number         0  f2d.o ABSOLUTE
    ../fplib/microlib/fpadd.c                0x00000000   Number         0  dadd.o ABSOLUTE
    ../fplib/microlib/fpadd.c                0x00000000   Number         0  fadd.o ABSOLUTE
    ../fplib/microlib/fpdiv.c                0x00000000   Number         0  ddiv.o ABSOLUTE
    ../fplib/microlib/fpdiv.c                0x00000000   Number         0  fdiv.o ABSOLUTE
    ../fplib/microlib/fpepilogue.c           0x00000000   Number         0  fepilogue.o ABSOLUTE
    ../fplib/microlib/fpepilogue.c           0x00000000   Number         0  depilogue.o ABSOLUTE
    ../fplib/microlib/fpfix.c                0x00000000   Number         0  dfixul.o ABSOLUTE
    ../fplib/microlib/fpfix.c                0x00000000   Number         0  dfixui.o ABSOLUTE
    ../fplib/microlib/fpfix.c                0x00000000   Number         0  ffixi.o ABSOLUTE
    ../fplib/microlib/fpflt.c                0x00000000   Number         0  fflti.o ABSOLUTE
    ../fplib/microlib/fpflt.c                0x00000000   Number         0  dflti.o ABSOLUTE
    ../fplib/microlib/fpmul.c                0x00000000   Number         0  fmul.o ABSOLUTE
    ../fplib/microlib/fpmul.c                0x00000000   Number         0  dmul.o ABSOLUTE
    ../mathlib/floor.c                       0x00000000   Number         0  floor.o ABSOLUTE
    ..\Libraries\CMSIS\core_cm3.c            0x00000000   Number         0  core_cm3.o ABSOLUTE
    ..\Libraries\CMSIS\startup\startup_stm32f10x_hd.s 0x00000000   Number         0  startup_stm32f10x_hd.o ABSOLUTE
    ..\Libraries\CMSIS\system_stm32f10x.c    0x00000000   Number         0  system_stm32f10x.o ABSOLUTE
    ..\Libraries\STM32F10x_StdPeriph_Driver\src\misc.c 0x00000000   Number         0  misc.o ABSOLUTE
    ..\Libraries\STM32F10x_StdPeriph_Driver\src\stm32f10x_adc.c 0x00000000   Number         0  stm32f10x_adc.o ABSOLUTE
    ..\Libraries\STM32F10x_StdPeriph_Driver\src\stm32f10x_bkp.c 0x00000000   Number         0  stm32f10x_bkp.o ABSOLUTE
    ..\Libraries\STM32F10x_StdPeriph_Driver\src\stm32f10x_can.c 0x00000000   Number         0  stm32f10x_can.o ABSOLUTE
    ..\Libraries\STM32F10x_StdPeriph_Driver\src\stm32f10x_cec.c 0x00000000   Number         0  stm32f10x_cec.o ABSOLUTE
    ..\Libraries\STM32F10x_StdPeriph_Driver\src\stm32f10x_crc.c 0x00000000   Number         0  stm32f10x_crc.o ABSOLUTE
    ..\Libraries\STM32F10x_StdPeriph_Driver\src\stm32f10x_dac.c 0x00000000   Number         0  stm32f10x_dac.o ABSOLUTE
    ..\Libraries\STM32F10x_StdPeriph_Driver\src\stm32f10x_dbgmcu.c 0x00000000   Number         0  stm32f10x_dbgmcu.o ABSOLUTE
    ..\Libraries\STM32F10x_StdPeriph_Driver\src\stm32f10x_dma.c 0x00000000   Number         0  stm32f10x_dma.o ABSOLUTE
    ..\Libraries\STM32F10x_StdPeriph_Driver\src\stm32f10x_exti.c 0x00000000   Number         0  stm32f10x_exti.o ABSOLUTE
    ..\Libraries\STM32F10x_StdPeriph_Driver\src\stm32f10x_flash.c 0x00000000   Number         0  stm32f10x_flash.o ABSOLUTE
    ..\Libraries\STM32F10x_StdPeriph_Driver\src\stm32f10x_fsmc.c 0x00000000   Number         0  stm32f10x_fsmc.o ABSOLUTE
    ..\Libraries\STM32F10x_StdPeriph_Driver\src\stm32f10x_gpio.c 0x00000000   Number         0  stm32f10x_gpio.o ABSOLUTE
    ..\Libraries\STM32F10x_StdPeriph_Driver\src\stm32f10x_i2c.c 0x00000000   Number         0  stm32f10x_i2c.o ABSOLUTE
    ..\Libraries\STM32F10x_StdPeriph_Driver\src\stm32f10x_iwdg.c 0x00000000   Number         0  stm32f10x_iwdg.o ABSOLUTE
    ..\Libraries\STM32F10x_StdPeriph_Driver\src\stm32f10x_pwr.c 0x00000000   Number         0  stm32f10x_pwr.o ABSOLUTE
    ..\Libraries\STM32F10x_StdPeriph_Driver\src\stm32f10x_rcc.c 0x00000000   Number         0  stm32f10x_rcc.o ABSOLUTE
    ..\Libraries\STM32F10x_StdPeriph_Driver\src\stm32f10x_rtc.c 0x00000000   Number         0  stm32f10x_rtc.o ABSOLUTE
    ..\Libraries\STM32F10x_StdPeriph_Driver\src\stm32f10x_sdio.c 0x00000000   Number         0  stm32f10x_sdio.o ABSOLUTE
    ..\Libraries\STM32F10x_StdPeriph_Driver\src\stm32f10x_spi.c 0x00000000   Number         0  stm32f10x_spi.o ABSOLUTE
    ..\Libraries\STM32F10x_StdPeriph_Driver\src\stm32f10x_tim.c 0x00000000   Number         0  stm32f10x_tim.o ABSOLUTE
    ..\Libraries\STM32F10x_StdPeriph_Driver\src\stm32f10x_usart.c 0x00000000   Number         0  stm32f10x_usart.o ABSOLUTE
    ..\Libraries\STM32F10x_StdPeriph_Driver\src\stm32f10x_wwdg.c 0x00000000   Number         0  stm32f10x_wwdg.o ABSOLUTE
    ..\User\OLED\oled.c                      0x00000000   Number         0  oled.o ABSOLUTE
    ..\User\PCA9685\myiic.c                  0x00000000   Number         0  myiic.o ABSOLUTE
    ..\User\PCA9685\pca9685.c                0x00000000   Number         0  pca9685.o ABSOLUTE
    ..\User\hardwork\ANO_DT.c                0x00000000   Number         0  ano_dt.o ABSOLUTE
    ..\User\hardwork\control.c               0x00000000   Number         0  control.o ABSOLUTE
    ..\User\hardwork\direction.c             0x00000000   Number         0  direction.o ABSOLUTE
    ..\User\hardwork\encoder.c               0x00000000   Number         0  encoder.o ABSOLUTE
    ..\User\hardwork\exti.c                  0x00000000   Number         0  exti.o ABSOLUTE
    ..\User\hardwork\hand.c                  0x00000000   Number         0  hand.o ABSOLUTE
    ..\User\hardwork\hand_block.c            0x00000000   Number         0  hand_block.o ABSOLUTE
    ..\User\hardwork\num\num.c               0x00000000   Number         0  num.o ABSOLUTE
    ..\User\hardwork\road.c                  0x00000000   Number         0  road.o ABSOLUTE
    ..\User\hardwork\speed.c                 0x00000000   Number         0  speed.o ABSOLUTE
    ..\User\hardwork\timer.c                 0x00000000   Number         0  timer.o ABSOLUTE
    ..\User\main.c                           0x00000000   Number         0  main.o ABSOLUTE
    ..\User\stm32f10x_it.c                   0x00000000   Number         0  stm32f10x_it.o ABSOLUTE
    ..\User\sys\BasicTim.c                   0x00000000   Number         0  basictim.o ABSOLUTE
    ..\User\sys\delay.c                      0x00000000   Number         0  delay.o ABSOLUTE
    ..\User\sys\sys.c                        0x00000000   Number         0  sys.o ABSOLUTE
    ..\User\sys\usart5\bsp_usart5.c          0x00000000   Number         0  bsp_usart5.o ABSOLUTE
    ..\User\usart\bsp_usart.c                0x00000000   Number         0  bsp_usart.o ABSOLUTE
    ..\\Libraries\\CMSIS\\core_cm3.c         0x00000000   Number         0  core_cm3.o ABSOLUTE
    ..\\User\\sys\\sys.c                     0x00000000   Number         0  sys.o ABSOLUTE
    cdrcmple.s                               0x00000000   Number         0  cdrcmple.o ABSOLUTE
    cfcmple.s                                0x00000000   Number         0  cfcmple.o ABSOLUTE
    cfrcmple.s                               0x00000000   Number         0  cfrcmple.o ABSOLUTE
    dc.s                                     0x00000000   Number         0  dc.o ABSOLUTE
    handlers.s                               0x00000000   Number         0  handlers.o ABSOLUTE
    init.s                                   0x00000000   Number         0  init.o ABSOLUTE
    RESET                                    0x08000000   Section      304  startup_stm32f10x_hd.o(RESET)
    .ARM.Collect$$$$00000000                 0x08000130   Section        0  entry.o(.ARM.Collect$$$$00000000)
    .ARM.Collect$$$$00000001                 0x08000130   Section        4  entry2.o(.ARM.Collect$$$$00000001)
    .ARM.Collect$$$$00000004                 0x08000134   Section        4  entry5.o(.ARM.Collect$$$$00000004)
    .ARM.Collect$$$$00000008                 0x08000138   Section        0  entry7b.o(.ARM.Collect$$$$00000008)
    .ARM.Collect$$$$0000000A                 0x08000138   Section        0  entry8b.o(.ARM.Collect$$$$0000000A)
    .ARM.Collect$$$$0000000B                 0x08000138   Section        8  entry9a.o(.ARM.Collect$$$$0000000B)
    .ARM.Collect$$$$0000000E                 0x08000140   Section        4  entry12b.o(.ARM.Collect$$$$0000000E)
    .ARM.Collect$$$$0000000F                 0x08000144   Section        0  entry10a.o(.ARM.Collect$$$$0000000F)
    .ARM.Collect$$$$00000011                 0x08000144   Section        0  entry11a.o(.ARM.Collect$$$$00000011)
    .ARM.Collect$$$$00002712                 0x08000144   Section        4  entry2.o(.ARM.Collect$$$$00002712)
    __lit__00000000                          0x08000144   Data           4  entry2.o(.ARM.Collect$$$$00002712)
    .text                                    0x08000148   Section       36  startup_stm32f10x_hd.o(.text)
    .text                                    0x0800016c   Section        0  dadd.o(.text)
    .text                                    0x080002ba   Section        0  dmul.o(.text)
    .text                                    0x0800039e   Section        0  ddiv.o(.text)
    .text                                    0x0800047c   Section        0  dflti.o(.text)
    .text                                    0x0800049e   Section        0  dfixui.o(.text)
    .text                                    0x080004d0   Section        0  f2d.o(.text)
    .text                                    0x080004f6   Section        0  d2f.o(.text)
    .text                                    0x0800052e   Section        0  uidiv.o(.text)
    .text                                    0x0800055a   Section        0  llshl.o(.text)
    .text                                    0x08000578   Section        0  llushr.o(.text)
    .text                                    0x08000598   Section        0  llsshr.o(.text)
    .text                                    0x080005bc   Section        0  iusefp.o(.text)
    .text                                    0x080005bc   Section        0  fepilogue.o(.text)
    .text                                    0x0800062a   Section        0  depilogue.o(.text)
    .text                                    0x080006e4   Section       48  cdrcmple.o(.text)
    .text                                    0x08000714   Section       36  init.o(.text)
    .text                                    0x08000738   Section        0  __dczerorl2.o(.text)
    i.BusFault_Handler                       0x0800078e   Section        0  stm32f10x_it.o(i.BusFault_Handler)
    i.DebugMon_Handler                       0x08000792   Section        0  stm32f10x_it.o(i.DebugMon_Handler)
    i.Encoder_TIM2_Init                      0x08000794   Section        0  encoder.o(i.Encoder_TIM2_Init)
    i.Encoder_TIM3_Init                      0x0800082c   Section        0  encoder.o(i.Encoder_TIM3_Init)
    i.Encoder_TIM4_Init                      0x080008c0   Section        0  encoder.o(i.Encoder_TIM4_Init)
    i.GPIO_Init                              0x0800095c   Section        0  stm32f10x_gpio.o(i.GPIO_Init)
    i.GPIO_ResetBits                         0x08000a72   Section        0  stm32f10x_gpio.o(i.GPIO_ResetBits)
    i.GPIO_SetBits                           0x08000a76   Section        0  stm32f10x_gpio.o(i.GPIO_SetBits)
    i.GPIO_init                              0x08000a7c   Section        0  num.o(i.GPIO_init)
    i.HardFault_Handler                      0x08000ad0   Section        0  stm32f10x_it.o(i.HardFault_Handler)
    i.I2C_Start                              0x08000ad4   Section        0  oled.o(i.I2C_Start)
    i.I2C_Stop                               0x08000b0c   Section        0  oled.o(i.I2C_Stop)
    i.I2C_WaitAck                            0x08000b34   Section        0  oled.o(i.I2C_WaitAck)
    i.IIC_Ack                                0x08000b64   Section        0  myiic.o(i.IIC_Ack)
    i.IIC_Init                               0x08000bb4   Section        0  myiic.o(i.IIC_Init)
    i.IIC_NAck                               0x08000bec   Section        0  myiic.o(i.IIC_NAck)
    i.IIC_Read_Byte                          0x08000c3c   Section        0  myiic.o(i.IIC_Read_Byte)
    i.IIC_Send_Byte                          0x08000cac   Section        0  myiic.o(i.IIC_Send_Byte)
    i.IIC_Start                              0x08000d20   Section        0  myiic.o(i.IIC_Start)
    i.IIC_Stop                               0x08000d6c   Section        0  myiic.o(i.IIC_Stop)
    i.IIC_Wait_Ack                           0x08000db8   Section        0  myiic.o(i.IIC_Wait_Ack)
    i.IIC_delay                              0x08000e1c   Section        0  oled.o(i.IIC_delay)
    i.MemManage_Handler                      0x08000e2c   Section        0  stm32f10x_it.o(i.MemManage_Handler)
    i.Motor_Init                             0x08000e30   Section        0  speed.o(i.Motor_Init)
    i.NMI_Handler                            0x08000ea8   Section        0  stm32f10x_it.o(i.NMI_Handler)
    i.NVIC_Configuration                     0x08000eaa   Section        0  bsp_usart.o(i.NVIC_Configuration)
    NVIC_Configuration                       0x08000eab   Thumb Code    38  bsp_usart.o(i.NVIC_Configuration)
    i.NVIC_Configuration_uart5               0x08000ed0   Section        0  bsp_usart5.o(i.NVIC_Configuration_uart5)
    NVIC_Configuration_uart5                 0x08000ed1   Thumb Code    38  bsp_usart5.o(i.NVIC_Configuration_uart5)
    i.NVIC_Init                              0x08000ef8   Section        0  misc.o(i.NVIC_Init)
    i.NVIC_PriorityGroupConfig               0x08000f68   Section        0  misc.o(i.NVIC_PriorityGroupConfig)
    i.OLED_Clear                             0x08000f7c   Section        0  oled.o(i.OLED_Clear)
    i.OLED_Init                              0x08000fac   Section        0  oled.o(i.OLED_Init)
    i.OLED_Refresh                           0x08001124   Section        0  oled.o(i.OLED_Refresh)
    i.OLED_WR_Byte                           0x0800118c   Section        0  oled.o(i.OLED_WR_Byte)
    i.Openmv_Receive_Data1                   0x080011c4   Section        0  bsp_usart.o(i.Openmv_Receive_Data1)
    i.Openmv_Receive_Data2                   0x0800130c   Section        0  bsp_usart.o(i.Openmv_Receive_Data2)
    i.Openmv_Receive_Qr                      0x0800144c   Section        0  bsp_usart.o(i.Openmv_Receive_Qr)
    i.PendSV_Handler                         0x08001588   Section        0  stm32f10x_it.o(i.PendSV_Handler)
    i.RCC_APB1PeriphClockCmd                 0x0800158c   Section        0  stm32f10x_rcc.o(i.RCC_APB1PeriphClockCmd)
    i.RCC_APB1PeriphResetCmd                 0x080015ac   Section        0  stm32f10x_rcc.o(i.RCC_APB1PeriphResetCmd)
    i.RCC_APB2PeriphClockCmd                 0x080015cc   Section        0  stm32f10x_rcc.o(i.RCC_APB2PeriphClockCmd)
    i.RCC_APB2PeriphResetCmd                 0x080015ec   Section        0  stm32f10x_rcc.o(i.RCC_APB2PeriphResetCmd)
    i.RCC_GetClocksFreq                      0x0800160c   Section        0  stm32f10x_rcc.o(i.RCC_GetClocksFreq)
    i.SVC_Handler                            0x080016e0   Section        0  stm32f10x_it.o(i.SVC_Handler)
    i.Send_Byte                              0x080016e4   Section        0  oled.o(i.Send_Byte)
    i.SetSysClock                            0x08001734   Section        0  system_stm32f10x.o(i.SetSysClock)
    SetSysClock                              0x08001735   Thumb Code     8  system_stm32f10x.o(i.SetSysClock)
    i.SetSysClockTo72                        0x0800173c   Section        0  system_stm32f10x.o(i.SetSysClockTo72)
    SetSysClockTo72                          0x0800173d   Thumb Code   214  system_stm32f10x.o(i.SetSysClockTo72)
    i.SysTick_CLKSourceConfig                0x0800181c   Section        0  misc.o(i.SysTick_CLKSourceConfig)
    i.SysTick_Handler                        0x08001844   Section        0  stm32f10x_it.o(i.SysTick_Handler)
    i.SystemInit                             0x08001848   Section        0  system_stm32f10x.o(i.SystemInit)
    i.TI1_Config                             0x080018a8   Section        0  stm32f10x_tim.o(i.TI1_Config)
    TI1_Config                               0x080018a9   Thumb Code   108  stm32f10x_tim.o(i.TI1_Config)
    i.TI2_Config                             0x08001928   Section        0  stm32f10x_tim.o(i.TI2_Config)
    TI2_Config                               0x08001929   Thumb Code   130  stm32f10x_tim.o(i.TI2_Config)
    i.TI3_Config                             0x080019c0   Section        0  stm32f10x_tim.o(i.TI3_Config)
    TI3_Config                               0x080019c1   Thumb Code   122  stm32f10x_tim.o(i.TI3_Config)
    i.TI4_Config                             0x08001a50   Section        0  stm32f10x_tim.o(i.TI4_Config)
    TI4_Config                               0x08001a51   Thumb Code   130  stm32f10x_tim.o(i.TI4_Config)
    i.TIM1_PWM_Init                          0x08001ae8   Section        0  timer.o(i.TIM1_PWM_Init)
    i.TIM2_IRQHandler                        0x08001bb0   Section        0  encoder.o(i.TIM2_IRQHandler)
    i.TIM3_IRQHandler                        0x08001bc8   Section        0  encoder.o(i.TIM3_IRQHandler)
    i.TIM4_IRQHandler                        0x08001be8   Section        0  encoder.o(i.TIM4_IRQHandler)
    i.TIM6_IRQHandler                        0x08001c04   Section        0  stm32f10x_it.o(i.TIM6_IRQHandler)
    i.TIM8_encoder_init                      0x08001c2c   Section        0  encoder.o(i.TIM8_encoder_init)
    i.TIM_ARRPreloadConfig                   0x08001ccc   Section        0  stm32f10x_tim.o(i.TIM_ARRPreloadConfig)
    i.TIM_ClearFlag                          0x08001ce4   Section        0  stm32f10x_tim.o(i.TIM_ClearFlag)
    i.TIM_ClearITPendingBit                  0x08001cea   Section        0  stm32f10x_tim.o(i.TIM_ClearITPendingBit)
    i.TIM_Cmd                                0x08001cf0   Section        0  stm32f10x_tim.o(i.TIM_Cmd)
    i.TIM_CtrlPWMOutputs                     0x08001d08   Section        0  stm32f10x_tim.o(i.TIM_CtrlPWMOutputs)
    i.TIM_EncoderInterfaceConfig             0x08001d26   Section        0  stm32f10x_tim.o(i.TIM_EncoderInterfaceConfig)
    i.TIM_GetITStatus                        0x08001d68   Section        0  stm32f10x_tim.o(i.TIM_GetITStatus)
    i.TIM_ICInit                             0x08001d8c   Section        0  stm32f10x_tim.o(i.TIM_ICInit)
    i.TIM_ICStructInit                       0x08001e38   Section        0  stm32f10x_tim.o(i.TIM_ICStructInit)
    i.TIM_ITConfig                           0x08001e4a   Section        0  stm32f10x_tim.o(i.TIM_ITConfig)
    i.TIM_OC1Init                            0x08001e5c   Section        0  stm32f10x_tim.o(i.TIM_OC1Init)
    i.TIM_OC1PreloadConfig                   0x08001ef4   Section        0  stm32f10x_tim.o(i.TIM_OC1PreloadConfig)
    i.TIM_OC2Init                            0x08001f08   Section        0  stm32f10x_tim.o(i.TIM_OC2Init)
    i.TIM_OC2PreloadConfig                   0x08001fac   Section        0  stm32f10x_tim.o(i.TIM_OC2PreloadConfig)
    i.TIM_OC3Init                            0x08001fc8   Section        0  stm32f10x_tim.o(i.TIM_OC3Init)
    i.TIM_OC3PreloadConfig                   0x08002068   Section        0  stm32f10x_tim.o(i.TIM_OC3PreloadConfig)
    i.TIM_OC4Init                            0x0800207c   Section        0  stm32f10x_tim.o(i.TIM_OC4Init)
    i.TIM_OC4PreloadConfig                   0x080020f8   Section        0  stm32f10x_tim.o(i.TIM_OC4PreloadConfig)
    i.TIM_SetCounter                         0x08002112   Section        0  stm32f10x_tim.o(i.TIM_SetCounter)
    i.TIM_SetIC1Prescaler                    0x08002116   Section        0  stm32f10x_tim.o(i.TIM_SetIC1Prescaler)
    i.TIM_SetIC2Prescaler                    0x08002128   Section        0  stm32f10x_tim.o(i.TIM_SetIC2Prescaler)
    i.TIM_SetIC3Prescaler                    0x08002142   Section        0  stm32f10x_tim.o(i.TIM_SetIC3Prescaler)
    i.TIM_SetIC4Prescaler                    0x08002154   Section        0  stm32f10x_tim.o(i.TIM_SetIC4Prescaler)
    i.TIM_TimeBaseInit                       0x08002170   Section        0  stm32f10x_tim.o(i.TIM_TimeBaseInit)
    i.TIM_TimeBaseStructInit                 0x08002214   Section        0  stm32f10x_tim.o(i.TIM_TimeBaseStructInit)
    i.UART5_IRQHandler                       0x08002228   Section        0  bsp_usart5.o(i.UART5_IRQHandler)
    i.USART2_IRQHandler                      0x080022e4   Section        0  stm32f10x_it.o(i.USART2_IRQHandler)
    i.USART2_Init                            0x08002348   Section        0  bsp_usart.o(i.USART2_Init)
    i.USART3_Config                          0x080023fc   Section        0  bsp_usart.o(i.USART3_Config)
    i.USART3_IRQHandler                      0x0800248c   Section        0  bsp_usart.o(i.USART3_IRQHandler)
    i.USART_ClearITPendingBit                0x080024b0   Section        0  stm32f10x_usart.o(i.USART_ClearITPendingBit)
    i.USART_Cmd                              0x080024ce   Section        0  stm32f10x_usart.o(i.USART_Cmd)
    i.USART_DeInit                           0x080024e8   Section        0  stm32f10x_usart.o(i.USART_DeInit)
    i.USART_GetFlagStatus                    0x08002584   Section        0  stm32f10x_usart.o(i.USART_GetFlagStatus)
    i.USART_GetITStatus                      0x0800259e   Section        0  stm32f10x_usart.o(i.USART_GetITStatus)
    i.USART_ITConfig                         0x080025f2   Section        0  stm32f10x_usart.o(i.USART_ITConfig)
    i.USART_Init                             0x0800263c   Section        0  stm32f10x_usart.o(i.USART_Init)
    i.USART_ReceiveData                      0x08002714   Section        0  stm32f10x_usart.o(i.USART_ReceiveData)
    i.USART_SendData                         0x0800271e   Section        0  stm32f10x_usart.o(i.USART_SendData)
    i.UsageFault_Handler                     0x08002726   Section        0  stm32f10x_it.o(i.UsageFault_Handler)
    i.__0printf$1                            0x0800272c   Section        0  printf1.o(i.__0printf$1)
    i.__scatterload_copy                     0x0800274c   Section       14  handlers.o(i.__scatterload_copy)
    i.__scatterload_null                     0x0800275a   Section        2  handlers.o(i.__scatterload_null)
    i.__scatterload_zeroinit                 0x0800275c   Section       14  handlers.o(i.__scatterload_zeroinit)
    i._printf_core                           0x0800276c   Section        0  printf1.o(i._printf_core)
    _printf_core                             0x0800276d   Thumb Code   336  printf1.o(i._printf_core)
    i.catch_zhong3                           0x080028c0   Section        0  hand.o(i.catch_zhong3)
    i.delay_init                             0x08002a48   Section        0  delay.o(i.delay_init)
    i.delay_ms                               0x08002a8c   Section        0  delay.o(i.delay_ms)
    i.delay_us                               0x08002ad8   Section        0  delay.o(i.delay_us)
    i.floor                                  0x08002b24   Section        0  floor.o(i.floor)
    i.fputc                                  0x08002c00   Section        0  bsp_usart.o(i.fputc)
    i.main                                   0x08002c24   Section        0  main.o(i.main)
    i.pca_read                               0x08002c88   Section        0  pca9685.o(i.pca_read)
    i.pca_setfreq                            0x08002cc4   Section        0  pca9685.o(i.pca_setfreq)
    i.pca_setpwm                             0x08002d90   Section        0  pca9685.o(i.pca_setpwm)
    i.pca_write                              0x08002dd8   Section        0  pca9685.o(i.pca_write)
    i.rank_position                          0x08002e06   Section        0  hand.o(i.rank_position)
    i.road_init                              0x08002e70   Section        0  road.o(i.road_init)
    i.speed_init                             0x08002f28   Section        0  speed.o(i.speed_init)
    i.uart5_init                             0x08002f4c   Section        0  bsp_usart5.o(i.uart5_init)
    .data                                    0x20000000   Section       20  system_stm32f10x.o(.data)
    .data                                    0x20000014   Section       20  stm32f10x_rcc.o(.data)
    APBAHBPrescTable                         0x20000014   Data          16  stm32f10x_rcc.o(.data)
    ADCPrescTable                            0x20000024   Data           4  stm32f10x_rcc.o(.data)
    .data                                    0x20000028   Section      176  main.o(.data)
    .data                                    0x200000d8   Section       52  bsp_usart.o(.data)
    .data                                    0x2000010c   Section        4  delay.o(.data)
    fac_us                                   0x2000010c   Data           1  delay.o(.data)
    fac_ms                                   0x2000010e   Data           2  delay.o(.data)
    .data                                    0x20000110   Section      196  hand.o(.data)
    i                                        0x20000124   Data           4  hand.o(.data)
    i                                        0x20000128   Data           4  hand.o(.data)
    k                                        0x2000012c   Data           4  hand.o(.data)
    i                                        0x20000130   Data           4  hand.o(.data)
    k                                        0x20000134   Data           4  hand.o(.data)
    i                                        0x20000138   Data           4  hand.o(.data)
    k                                        0x2000013c   Data           4  hand.o(.data)
    i                                        0x20000140   Data           4  hand.o(.data)
    j                                        0x20000144   Data           4  hand.o(.data)
    i                                        0x20000148   Data           4  hand.o(.data)
    j                                        0x2000014c   Data           4  hand.o(.data)
    i                                        0x20000150   Data           4  hand.o(.data)
    j                                        0x20000154   Data           4  hand.o(.data)
    i                                        0x20000158   Data           4  hand.o(.data)
    j                                        0x2000015c   Data           4  hand.o(.data)
    j                                        0x20000160   Data           4  hand.o(.data)
    i                                        0x20000164   Data           4  hand.o(.data)
    j                                        0x20000168   Data           4  hand.o(.data)
    i                                        0x2000016c   Data           4  hand.o(.data)
    k                                        0x20000170   Data           4  hand.o(.data)
    i                                        0x20000174   Data           4  hand.o(.data)
    k                                        0x20000178   Data           4  hand.o(.data)
    i                                        0x2000017c   Data           4  hand.o(.data)
    k                                        0x20000180   Data           4  hand.o(.data)
    i                                        0x20000184   Data           4  hand.o(.data)
    k                                        0x20000188   Data           4  hand.o(.data)
    i                                        0x2000018c   Data           4  hand.o(.data)
    k                                        0x20000190   Data           4  hand.o(.data)
    i                                        0x20000194   Data           4  hand.o(.data)
    k                                        0x20000198   Data           4  hand.o(.data)
    i                                        0x2000019c   Data           4  hand.o(.data)
    j                                        0x200001a0   Data           4  hand.o(.data)
    j                                        0x200001a4   Data           4  hand.o(.data)
    i                                        0x200001a8   Data           4  hand.o(.data)
    j                                        0x200001ac   Data           4  hand.o(.data)
    i                                        0x200001b0   Data           4  hand.o(.data)
    k                                        0x200001b4   Data           4  hand.o(.data)
    i                                        0x200001b8   Data           4  hand.o(.data)
    k                                        0x200001bc   Data           4  hand.o(.data)
    i                                        0x200001c0   Data           4  hand.o(.data)
    k                                        0x200001c4   Data           4  hand.o(.data)
    i                                        0x200001c8   Data           4  hand.o(.data)
    i                                        0x200001cc   Data           4  hand.o(.data)
    i                                        0x200001d0   Data           4  hand.o(.data)
    .data                                    0x200001d4   Section       16  bsp_usart5.o(.data)
    num                                      0x200001e3   Data           1  bsp_usart5.o(.data)
    .data                                    0x200001e4   Section        4  stdout.o(.data)
    .bss                                     0x200001e8   Section       48  bsp_usart.o(.bss)
    .bss                                     0x20000218   Section       28  bsp_usart5.o(.bss)
    .bss                                     0x20000234   Section     1152  oled.o(.bss)
    STACK                                    0x200006b8   Section     1024  startup_stm32f10x_hd.o(STACK)

    Global Symbols

    Symbol Name                              Value     Ov Type        Size  Object(Section)

    BuildAttributes$$THM_ISAv4$P$D$K$B$S$PE$A:L22UL41UL21$X:L11$S22US41US21$IEEE1$IW$USESV6$~STKCKD$USESV7$~SHL$OTIME$ROPI$IEEEJ$EBA8$MICROLIB$REQ8$PRES8$EABIv2 0x00000000   Number         0  anon$$obj.o ABSOLUTE
    __ARM_use_no_argv                        0x00000000   Number         0  main.o ABSOLUTE
    _printf_a                                0x00000000   Number         0  stubs.o ABSOLUTE
    _printf_c                                0x00000000   Number         0  stubs.o ABSOLUTE
    _printf_charcount                        0x00000000   Number         0  stubs.o ABSOLUTE
    _printf_d                                0x00000000   Number         0  stubs.o ABSOLUTE
    _printf_e                                0x00000000   Number         0  stubs.o ABSOLUTE
    _printf_f                                0x00000000   Number         0  stubs.o ABSOLUTE
    _printf_flags                            0x00000000   Number         0  stubs.o ABSOLUTE
    _printf_fp_dec                           0x00000000   Number         0  stubs.o ABSOLUTE
    _printf_fp_hex                           0x00000000   Number         0  stubs.o ABSOLUTE
    _printf_g                                0x00000000   Number         0  stubs.o ABSOLUTE
    _printf_i                                0x00000000   Number         0  stubs.o ABSOLUTE
    _printf_int_dec                          0x00000000   Number         0  stubs.o ABSOLUTE
    _printf_l                                0x00000000   Number         0  stubs.o ABSOLUTE
    _printf_lc                               0x00000000   Number         0  stubs.o ABSOLUTE
    _printf_ll                               0x00000000   Number         0  stubs.o ABSOLUTE
    _printf_lld                              0x00000000   Number         0  stubs.o ABSOLUTE
    _printf_lli                              0x00000000   Number         0  stubs.o ABSOLUTE
    _printf_llo                              0x00000000   Number         0  stubs.o ABSOLUTE
    _printf_llu                              0x00000000   Number         0  stubs.o ABSOLUTE
    _printf_llx                              0x00000000   Number         0  stubs.o ABSOLUTE
    _printf_longlong_dec                     0x00000000   Number         0  stubs.o ABSOLUTE
    _printf_longlong_hex                     0x00000000   Number         0  stubs.o ABSOLUTE
    _printf_longlong_oct                     0x00000000   Number         0  stubs.o ABSOLUTE
    _printf_ls                               0x00000000   Number         0  stubs.o ABSOLUTE
    _printf_mbtowc                           0x00000000   Number         0  stubs.o ABSOLUTE
    _printf_n                                0x00000000   Number         0  stubs.o ABSOLUTE
    _printf_o                                0x00000000   Number         0  stubs.o ABSOLUTE
    _printf_p                                0x00000000   Number         0  stubs.o ABSOLUTE
    _printf_percent                          0x00000000   Number         0  stubs.o ABSOLUTE
    _printf_pre_padding                      0x00000000   Number         0  stubs.o ABSOLUTE
    _printf_return_value                     0x00000000   Number         0  stubs.o ABSOLUTE
    _printf_s                                0x00000000   Number         0  stubs.o ABSOLUTE
    _printf_sizespec                         0x00000000   Number         0  stubs.o ABSOLUTE
    _printf_str                              0x00000000   Number         0  stubs.o ABSOLUTE
    _printf_truncate_signed                  0x00000000   Number         0  stubs.o ABSOLUTE
    _printf_truncate_unsigned                0x00000000   Number         0  stubs.o ABSOLUTE
    _printf_u                                0x00000000   Number         0  stubs.o ABSOLUTE
    _printf_wc                               0x00000000   Number         0  stubs.o ABSOLUTE
    _printf_wctomb                           0x00000000   Number         0  stubs.o ABSOLUTE
    _printf_widthprec                        0x00000000   Number         0  stubs.o ABSOLUTE
    _printf_x                                0x00000000   Number         0  stubs.o ABSOLUTE
    __arm_fini_                               - Undefined Weak Reference
    __cpp_initialize__aeabi_                  - Undefined Weak Reference
    __cxa_finalize                            - Undefined Weak Reference
    _clock_init                               - Undefined Weak Reference
    _microlib_exit                            - Undefined Weak Reference
    __Vectors_Size                           0x00000130   Number         0  startup_stm32f10x_hd.o ABSOLUTE
    __Vectors                                0x08000000   Data           4  startup_stm32f10x_hd.o(RESET)
    __Vectors_End                            0x08000130   Data           0  startup_stm32f10x_hd.o(RESET)
    __main                                   0x08000131   Thumb Code     0  entry.o(.ARM.Collect$$$$00000000)
    _main_stk                                0x08000131   Thumb Code     0  entry2.o(.ARM.Collect$$$$00000001)
    _main_scatterload                        0x08000135   Thumb Code     0  entry5.o(.ARM.Collect$$$$00000004)
    __main_after_scatterload                 0x08000139   Thumb Code     0  entry5.o(.ARM.Collect$$$$00000004)
    _main_clock                              0x08000139   Thumb Code     0  entry7b.o(.ARM.Collect$$$$00000008)
    _main_cpp_init                           0x08000139   Thumb Code     0  entry8b.o(.ARM.Collect$$$$0000000A)
    _main_init                               0x08000139   Thumb Code     0  entry9a.o(.ARM.Collect$$$$0000000B)
    __rt_lib_shutdown_fini                   0x08000141   Thumb Code     0  entry12b.o(.ARM.Collect$$$$0000000E)
    __rt_final_cpp                           0x08000145   Thumb Code     0  entry10a.o(.ARM.Collect$$$$0000000F)
    __rt_final_exit                          0x08000145   Thumb Code     0  entry11a.o(.ARM.Collect$$$$00000011)
    Reset_Handler                            0x08000149   Thumb Code     8  startup_stm32f10x_hd.o(.text)
    ADC1_2_IRQHandler                        0x08000163   Thumb Code     0  startup_stm32f10x_hd.o(.text)
    ADC3_IRQHandler                          0x08000163   Thumb Code     0  startup_stm32f10x_hd.o(.text)
    CAN1_RX1_IRQHandler                      0x08000163   Thumb Code     0  startup_stm32f10x_hd.o(.text)
    CAN1_SCE_IRQHandler                      0x08000163   Thumb Code     0  startup_stm32f10x_hd.o(.text)
    DMA1_Channel1_IRQHandler                 0x08000163   Thumb Code     0  startup_stm32f10x_hd.o(.text)
    DMA1_Channel2_IRQHandler                 0x08000163   Thumb Code     0  startup_stm32f10x_hd.o(.text)
    DMA1_Channel3_IRQHandler                 0x08000163   Thumb Code     0  startup_stm32f10x_hd.o(.text)
    DMA1_Channel4_IRQHandler                 0x08000163   Thumb Code     0  startup_stm32f10x_hd.o(.text)
    DMA1_Channel5_IRQHandler                 0x08000163   Thumb Code     0  startup_stm32f10x_hd.o(.text)
    DMA1_Channel6_IRQHandler                 0x08000163   Thumb Code     0  startup_stm32f10x_hd.o(.text)
    DMA1_Channel7_IRQHandler                 0x08000163   Thumb Code     0  startup_stm32f10x_hd.o(.text)
    DMA2_Channel1_IRQHandler                 0x08000163   Thumb Code     0  startup_stm32f10x_hd.o(.text)
    DMA2_Channel2_IRQHandler                 0x08000163   Thumb Code     0  startup_stm32f10x_hd.o(.text)
    DMA2_Channel3_IRQHandler                 0x08000163   Thumb Code     0  startup_stm32f10x_hd.o(.text)
    DMA2_Channel4_5_IRQHandler               0x08000163   Thumb Code     0  startup_stm32f10x_hd.o(.text)
    EXTI0_IRQHandler                         0x08000163   Thumb Code     0  startup_stm32f10x_hd.o(.text)
    EXTI15_10_IRQHandler                     0x08000163   Thumb Code     0  startup_stm32f10x_hd.o(.text)
    EXTI1_IRQHandler                         0x08000163   Thumb Code     0  startup_stm32f10x_hd.o(.text)
    EXTI2_IRQHandler                         0x08000163   Thumb Code     0  startup_stm32f10x_hd.o(.text)
    EXTI3_IRQHandler                         0x08000163   Thumb Code     0  startup_stm32f10x_hd.o(.text)
    EXTI4_IRQHandler                         0x08000163   Thumb Code     0  startup_stm32f10x_hd.o(.text)
    EXTI9_5_IRQHandler                       0x08000163   Thumb Code     0  startup_stm32f10x_hd.o(.text)
    FLASH_IRQHandler                         0x08000163   Thumb Code     0  startup_stm32f10x_hd.o(.text)
    FSMC_IRQHandler                          0x08000163   Thumb Code     0  startup_stm32f10x_hd.o(.text)
    I2C1_ER_IRQHandler                       0x08000163   Thumb Code     0  startup_stm32f10x_hd.o(.text)
    I2C1_EV_IRQHandler                       0x08000163   Thumb Code     0  startup_stm32f10x_hd.o(.text)
    I2C2_ER_IRQHandler                       0x08000163   Thumb Code     0  startup_stm32f10x_hd.o(.text)
    I2C2_EV_IRQHandler                       0x08000163   Thumb Code     0  startup_stm32f10x_hd.o(.text)
    PVD_IRQHandler                           0x08000163   Thumb Code     0  startup_stm32f10x_hd.o(.text)
    RCC_IRQHandler                           0x08000163   Thumb Code     0  startup_stm32f10x_hd.o(.text)
    RTCAlarm_IRQHandler                      0x08000163   Thumb Code     0  startup_stm32f10x_hd.o(.text)
    RTC_IRQHandler                           0x08000163   Thumb Code     0  startup_stm32f10x_hd.o(.text)
    SDIO_IRQHandler                          0x08000163   Thumb Code     0  startup_stm32f10x_hd.o(.text)
    SPI1_IRQHandler                          0x08000163   Thumb Code     0  startup_stm32f10x_hd.o(.text)
    SPI2_IRQHandler                          0x08000163   Thumb Code     0  startup_stm32f10x_hd.o(.text)
    SPI3_IRQHandler                          0x08000163   Thumb Code     0  startup_stm32f10x_hd.o(.text)
    TAMPER_IRQHandler                        0x08000163   Thumb Code     0  startup_stm32f10x_hd.o(.text)
    TIM1_BRK_IRQHandler                      0x08000163   Thumb Code     0  startup_stm32f10x_hd.o(.text)
    TIM1_CC_IRQHandler                       0x08000163   Thumb Code     0  startup_stm32f10x_hd.o(.text)
    TIM1_TRG_COM_IRQHandler                  0x08000163   Thumb Code     0  startup_stm32f10x_hd.o(.text)
    TIM1_UP_IRQHandler                       0x08000163   Thumb Code     0  startup_stm32f10x_hd.o(.text)
    TIM5_IRQHandler                          0x08000163   Thumb Code     0  startup_stm32f10x_hd.o(.text)
    TIM7_IRQHandler                          0x08000163   Thumb Code     0  startup_stm32f10x_hd.o(.text)
    TIM8_BRK_IRQHandler                      0x08000163   Thumb Code     0  startup_stm32f10x_hd.o(.text)
    TIM8_CC_IRQHandler                       0x08000163   Thumb Code     0  startup_stm32f10x_hd.o(.text)
    TIM8_TRG_COM_IRQHandler                  0x08000163   Thumb Code     0  startup_stm32f10x_hd.o(.text)
    TIM8_UP_IRQHandler                       0x08000163   Thumb Code     0  startup_stm32f10x_hd.o(.text)
    UART4_IRQHandler                         0x08000163   Thumb Code     0  startup_stm32f10x_hd.o(.text)
    USART1_IRQHandler                        0x08000163   Thumb Code     0  startup_stm32f10x_hd.o(.text)
    USBWakeUp_IRQHandler                     0x08000163   Thumb Code     0  startup_stm32f10x_hd.o(.text)
    USB_HP_CAN1_TX_IRQHandler                0x08000163   Thumb Code     0  startup_stm32f10x_hd.o(.text)
    USB_LP_CAN1_RX0_IRQHandler               0x08000163   Thumb Code     0  startup_stm32f10x_hd.o(.text)
    WWDG_IRQHandler                          0x08000163   Thumb Code     0  startup_stm32f10x_hd.o(.text)
    __aeabi_dadd                             0x0800016d   Thumb Code   322  dadd.o(.text)
    __aeabi_dsub                             0x080002af   Thumb Code     6  dadd.o(.text)
    __aeabi_drsub                            0x080002b5   Thumb Code     6  dadd.o(.text)
    __aeabi_dmul                             0x080002bb   Thumb Code   228  dmul.o(.text)
    __aeabi_ddiv                             0x0800039f   Thumb Code   222  ddiv.o(.text)
    __aeabi_i2d                              0x0800047d   Thumb Code    34  dflti.o(.text)
    __aeabi_d2uiz                            0x0800049f   Thumb Code    50  dfixui.o(.text)
    __aeabi_f2d                              0x080004d1   Thumb Code    38  f2d.o(.text)
    __aeabi_d2f                              0x080004f7   Thumb Code    56  d2f.o(.text)
    __aeabi_uidiv                            0x0800052f   Thumb Code     0  uidiv.o(.text)
    __aeabi_uidivmod                         0x0800052f   Thumb Code    44  uidiv.o(.text)
    __aeabi_llsl                             0x0800055b   Thumb Code    30  llshl.o(.text)
    _ll_shift_l                              0x0800055b   Thumb Code     0  llshl.o(.text)
    __aeabi_llsr                             0x08000579   Thumb Code    32  llushr.o(.text)
    _ll_ushift_r                             0x08000579   Thumb Code     0  llushr.o(.text)
    __aeabi_lasr                             0x08000599   Thumb Code    36  llsshr.o(.text)
    _ll_sshift_r                             0x08000599   Thumb Code     0  llsshr.o(.text)
    __I$use$fp                               0x080005bd   Thumb Code     0  iusefp.o(.text)
    _float_round                             0x080005bd   Thumb Code    18  fepilogue.o(.text)
    _float_epilogue                          0x080005cf   Thumb Code    92  fepilogue.o(.text)
    _double_round                            0x0800062b   Thumb Code    30  depilogue.o(.text)
    _double_epilogue                         0x08000649   Thumb Code   156  depilogue.o(.text)
    __aeabi_cdrcmple                         0x080006e5   Thumb Code    48  cdrcmple.o(.text)
    __scatterload                            0x08000715   Thumb Code    28  init.o(.text)
    __scatterload_rt2                        0x08000715   Thumb Code     0  init.o(.text)
    __decompress                             0x08000739   Thumb Code     0  __dczerorl2.o(.text)
    __decompress1                            0x08000739   Thumb Code    86  __dczerorl2.o(.text)
    BusFault_Handler                         0x0800078f   Thumb Code     4  stm32f10x_it.o(i.BusFault_Handler)
    DebugMon_Handler                         0x08000793   Thumb Code     2  stm32f10x_it.o(i.DebugMon_Handler)
    Encoder_TIM2_Init                        0x08000795   Thumb Code   146  encoder.o(i.Encoder_TIM2_Init)
    Encoder_TIM3_Init                        0x0800082d   Thumb Code   140  encoder.o(i.Encoder_TIM3_Init)
    Encoder_TIM4_Init                        0x080008c1   Thumb Code   148  encoder.o(i.Encoder_TIM4_Init)
    GPIO_Init                                0x0800095d   Thumb Code   278  stm32f10x_gpio.o(i.GPIO_Init)
    GPIO_ResetBits                           0x08000a73   Thumb Code     4  stm32f10x_gpio.o(i.GPIO_ResetBits)
    GPIO_SetBits                             0x08000a77   Thumb Code     4  stm32f10x_gpio.o(i.GPIO_SetBits)
    GPIO_init                                0x08000a7d   Thumb Code    76  num.o(i.GPIO_init)
    HardFault_Handler                        0x08000ad1   Thumb Code     4  stm32f10x_it.o(i.HardFault_Handler)
    I2C_Start                                0x08000ad5   Thumb Code    48  oled.o(i.I2C_Start)
    I2C_Stop                                 0x08000b0d   Thumb Code    32  oled.o(i.I2C_Stop)
    I2C_WaitAck                              0x08000b35   Thumb Code    40  oled.o(i.I2C_WaitAck)
    IIC_Ack                                  0x08000b65   Thumb Code    66  myiic.o(i.IIC_Ack)
    IIC_Init                                 0x08000bb5   Thumb Code    50  myiic.o(i.IIC_Init)
    IIC_NAck                                 0x08000bed   Thumb Code    66  myiic.o(i.IIC_NAck)
    IIC_Read_Byte                            0x08000c3d   Thumb Code    98  myiic.o(i.IIC_Read_Byte)
    IIC_Send_Byte                            0x08000cad   Thumb Code   104  myiic.o(i.IIC_Send_Byte)
    IIC_Start                                0x08000d21   Thumb Code    64  myiic.o(i.IIC_Start)
    IIC_Stop                                 0x08000d6d   Thumb Code    62  myiic.o(i.IIC_Stop)
    IIC_Wait_Ack                             0x08000db9   Thumb Code    86  myiic.o(i.IIC_Wait_Ack)
    IIC_delay                                0x08000e1d   Thumb Code    16  oled.o(i.IIC_delay)
    MemManage_Handler                        0x08000e2d   Thumb Code     4  stm32f10x_it.o(i.MemManage_Handler)
    Motor_Init                               0x08000e31   Thumb Code   108  speed.o(i.Motor_Init)
    NMI_Handler                              0x08000ea9   Thumb Code     2  stm32f10x_it.o(i.NMI_Handler)
    NVIC_Init                                0x08000ef9   Thumb Code   100  misc.o(i.NVIC_Init)
    NVIC_PriorityGroupConfig                 0x08000f69   Thumb Code    10  misc.o(i.NVIC_PriorityGroupConfig)
    OLED_Clear                               0x08000f7d   Thumb Code    42  oled.o(i.OLED_Clear)
    OLED_Init                                0x08000fad   Thumb Code   362  oled.o(i.OLED_Init)
    OLED_Refresh                             0x08001125   Thumb Code   100  oled.o(i.OLED_Refresh)
    OLED_WR_Byte                             0x0800118d   Thumb Code    56  oled.o(i.OLED_WR_Byte)
    Openmv_Receive_Data1                     0x080011c5   Thumb Code   282  bsp_usart.o(i.Openmv_Receive_Data1)
    Openmv_Receive_Data2                     0x0800130d   Thumb Code   274  bsp_usart.o(i.Openmv_Receive_Data2)
    Openmv_Receive_Qr                        0x0800144d   Thumb Code   250  bsp_usart.o(i.Openmv_Receive_Qr)
    PendSV_Handler                           0x08001589   Thumb Code     2  stm32f10x_it.o(i.PendSV_Handler)
    RCC_APB1PeriphClockCmd                   0x0800158d   Thumb Code    26  stm32f10x_rcc.o(i.RCC_APB1PeriphClockCmd)
    RCC_APB1PeriphResetCmd                   0x080015ad   Thumb Code    26  stm32f10x_rcc.o(i.RCC_APB1PeriphResetCmd)
    RCC_APB2PeriphClockCmd                   0x080015cd   Thumb Code    26  stm32f10x_rcc.o(i.RCC_APB2PeriphClockCmd)
    RCC_APB2PeriphResetCmd                   0x080015ed   Thumb Code    26  stm32f10x_rcc.o(i.RCC_APB2PeriphResetCmd)
    RCC_GetClocksFreq                        0x0800160d   Thumb Code   192  stm32f10x_rcc.o(i.RCC_GetClocksFreq)
    SVC_Handler                              0x080016e1   Thumb Code     2  stm32f10x_it.o(i.SVC_Handler)
    Send_Byte                                0x080016e5   Thumb Code    70  oled.o(i.Send_Byte)
    SysTick_CLKSourceConfig                  0x0800181d   Thumb Code    40  misc.o(i.SysTick_CLKSourceConfig)
    SysTick_Handler                          0x08001845   Thumb Code     2  stm32f10x_it.o(i.SysTick_Handler)
    SystemInit                               0x08001849   Thumb Code    78  system_stm32f10x.o(i.SystemInit)
    TIM1_PWM_Init                            0x08001ae9   Thumb Code   192  timer.o(i.TIM1_PWM_Init)
    TIM2_IRQHandler                          0x08001bb1   Thumb Code    22  encoder.o(i.TIM2_IRQHandler)
    TIM3_IRQHandler                          0x08001bc9   Thumb Code    22  encoder.o(i.TIM3_IRQHandler)
    TIM4_IRQHandler                          0x08001be9   Thumb Code    22  encoder.o(i.TIM4_IRQHandler)
    TIM6_IRQHandler                          0x08001c05   Thumb Code    32  stm32f10x_it.o(i.TIM6_IRQHandler)
    TIM8_encoder_init                        0x08001c2d   Thumb Code   152  encoder.o(i.TIM8_encoder_init)
    TIM_ARRPreloadConfig                     0x08001ccd   Thumb Code    24  stm32f10x_tim.o(i.TIM_ARRPreloadConfig)
    TIM_ClearFlag                            0x08001ce5   Thumb Code     6  stm32f10x_tim.o(i.TIM_ClearFlag)
    TIM_ClearITPendingBit                    0x08001ceb   Thumb Code     6  stm32f10x_tim.o(i.TIM_ClearITPendingBit)
    TIM_Cmd                                  0x08001cf1   Thumb Code    24  stm32f10x_tim.o(i.TIM_Cmd)
    TIM_CtrlPWMOutputs                       0x08001d09   Thumb Code    30  stm32f10x_tim.o(i.TIM_CtrlPWMOutputs)
    TIM_EncoderInterfaceConfig               0x08001d27   Thumb Code    66  stm32f10x_tim.o(i.TIM_EncoderInterfaceConfig)
    TIM_GetITStatus                          0x08001d69   Thumb Code    34  stm32f10x_tim.o(i.TIM_GetITStatus)
    TIM_ICInit                               0x08001d8d   Thumb Code   150  stm32f10x_tim.o(i.TIM_ICInit)
    TIM_ICStructInit                         0x08001e39   Thumb Code    18  stm32f10x_tim.o(i.TIM_ICStructInit)
    TIM_ITConfig                             0x08001e4b   Thumb Code    18  stm32f10x_tim.o(i.TIM_ITConfig)
    TIM_OC1Init                              0x08001e5d   Thumb Code   132  stm32f10x_tim.o(i.TIM_OC1Init)
    TIM_OC1PreloadConfig                     0x08001ef5   Thumb Code    18  stm32f10x_tim.o(i.TIM_OC1PreloadConfig)
    TIM_OC2Init                              0x08001f09   Thumb Code   154  stm32f10x_tim.o(i.TIM_OC2Init)
    TIM_OC2PreloadConfig                     0x08001fad   Thumb Code    26  stm32f10x_tim.o(i.TIM_OC2PreloadConfig)
    TIM_OC3Init                              0x08001fc9   Thumb Code   150  stm32f10x_tim.o(i.TIM_OC3Init)
    TIM_OC3PreloadConfig                     0x08002069   Thumb Code    18  stm32f10x_tim.o(i.TIM_OC3PreloadConfig)
    TIM_OC4Init                              0x0800207d   Thumb Code   114  stm32f10x_tim.o(i.TIM_OC4Init)
    TIM_OC4PreloadConfig                     0x080020f9   Thumb Code    26  stm32f10x_tim.o(i.TIM_OC4PreloadConfig)
    TIM_SetCounter                           0x08002113   Thumb Code     4  stm32f10x_tim.o(i.TIM_SetCounter)
    TIM_SetIC1Prescaler                      0x08002117   Thumb Code    18  stm32f10x_tim.o(i.TIM_SetIC1Prescaler)
    TIM_SetIC2Prescaler                      0x08002129   Thumb Code    26  stm32f10x_tim.o(i.TIM_SetIC2Prescaler)
    TIM_SetIC3Prescaler                      0x08002143   Thumb Code    18  stm32f10x_tim.o(i.TIM_SetIC3Prescaler)
    TIM_SetIC4Prescaler                      0x08002155   Thumb Code    26  stm32f10x_tim.o(i.TIM_SetIC4Prescaler)
    TIM_TimeBaseInit                         0x08002171   Thumb Code   122  stm32f10x_tim.o(i.TIM_TimeBaseInit)
    TIM_TimeBaseStructInit                   0x08002215   Thumb Code    18  stm32f10x_tim.o(i.TIM_TimeBaseStructInit)
    UART5_IRQHandler                         0x08002229   Thumb Code   160  bsp_usart5.o(i.UART5_IRQHandler)
    USART2_IRQHandler                        0x080022e5   Thumb Code    90  stm32f10x_it.o(i.USART2_IRQHandler)
    USART2_Init                              0x08002349   Thumb Code   170  bsp_usart.o(i.USART2_Init)
    USART3_Config                            0x080023fd   Thumb Code   136  bsp_usart.o(i.USART3_Config)
    USART3_IRQHandler                        0x0800248d   Thumb Code    32  bsp_usart.o(i.USART3_IRQHandler)
    USART_ClearITPendingBit                  0x080024b1   Thumb Code    30  stm32f10x_usart.o(i.USART_ClearITPendingBit)
    USART_Cmd                                0x080024cf   Thumb Code    24  stm32f10x_usart.o(i.USART_Cmd)
    USART_DeInit                             0x080024e9   Thumb Code   134  stm32f10x_usart.o(i.USART_DeInit)
    USART_GetFlagStatus                      0x08002585   Thumb Code    26  stm32f10x_usart.o(i.USART_GetFlagStatus)
    USART_GetITStatus                        0x0800259f   Thumb Code    84  stm32f10x_usart.o(i.USART_GetITStatus)
    USART_ITConfig                           0x080025f3   Thumb Code    74  stm32f10x_usart.o(i.USART_ITConfig)
    USART_Init                               0x0800263d   Thumb Code   210  stm32f10x_usart.o(i.USART_Init)
    USART_ReceiveData                        0x08002715   Thumb Code    10  stm32f10x_usart.o(i.USART_ReceiveData)
    USART_SendData                           0x0800271f   Thumb Code     8  stm32f10x_usart.o(i.USART_SendData)
    UsageFault_Handler                       0x08002727   Thumb Code     4  stm32f10x_it.o(i.UsageFault_Handler)
    __0printf$1                              0x0800272d   Thumb Code    22  printf1.o(i.__0printf$1)
    __1printf$1                              0x0800272d   Thumb Code     0  printf1.o(i.__0printf$1)
    __2printf                                0x0800272d   Thumb Code     0  printf1.o(i.__0printf$1)
    __scatterload_copy                       0x0800274d   Thumb Code    14  handlers.o(i.__scatterload_copy)
    __scatterload_null                       0x0800275b   Thumb Code     2  handlers.o(i.__scatterload_null)
    __scatterload_zeroinit                   0x0800275d   Thumb Code    14  handlers.o(i.__scatterload_zeroinit)
    catch_zhong3                             0x080028c1   Thumb Code   352  hand.o(i.catch_zhong3)
    delay_init                               0x08002a49   Thumb Code    50  delay.o(i.delay_init)
    delay_ms                                 0x08002a8d   Thumb Code    72  delay.o(i.delay_ms)
    delay_us                                 0x08002ad9   Thumb Code    72  delay.o(i.delay_us)
    floor                                    0x08002b25   Thumb Code   204  floor.o(i.floor)
    fputc                                    0x08002c01   Thumb Code    32  bsp_usart.o(i.fputc)
    main                                     0x08002c25   Thumb Code    94  main.o(i.main)
    pca_read                                 0x08002c89   Thumb Code    58  pca9685.o(i.pca_read)
    pca_setfreq                              0x08002cc5   Thumb Code   180  pca9685.o(i.pca_setfreq)
    pca_setpwm                               0x08002d91   Thumb Code    72  pca9685.o(i.pca_setpwm)
    pca_write                                0x08002dd9   Thumb Code    46  pca9685.o(i.pca_write)
    rank_position                            0x08002e07   Thumb Code   104  hand.o(i.rank_position)
    road_init                                0x08002e71   Thumb Code   160  road.o(i.road_init)
    speed_init                               0x08002f29   Thumb Code    34  speed.o(i.speed_init)
    uart5_init                               0x08002f4d   Thumb Code   130  bsp_usart5.o(i.uart5_init)
    Region$$Table$$Base                      0x08002fdc   Number         0  anon$$obj.o(Region$$Table)
    Region$$Table$$Limit                     0x08002ffc   Number         0  anon$$obj.o(Region$$Table)
    SystemCoreClock                          0x20000000   Data           4  system_stm32f10x.o(.data)
    AHBPrescTable                            0x20000004   Data          16  system_stm32f10x.o(.data)
    data                                     0x20000028   Data          40  main.o(.data)
    wei                                      0x20000050   Data          32  main.o(.data)
    speed1                                   0x20000070   Data           4  main.o(.data)
    speed2                                   0x20000074   Data           4  main.o(.data)
    speed3                                   0x20000078   Data           4  main.o(.data)
    speed4                                   0x2000007c   Data           4  main.o(.data)
    setspeed1                                0x20000080   Data           4  main.o(.data)
    setspeed2                                0x20000084   Data           4  main.o(.data)
    setspeed3                                0x20000088   Data           4  main.o(.data)
    setspeed4                                0x2000008c   Data           4  main.o(.data)
    Position_A                               0x20000090   Data           4  main.o(.data)
    Position_B                               0x20000094   Data           4  main.o(.data)
    Position_C                               0x20000098   Data           4  main.o(.data)
    Position_D                               0x2000009c   Data           4  main.o(.data)
    target_speed                             0x200000a0   Data           4  main.o(.data)
    speed                                    0x200000a4   Data           4  main.o(.data)
    flag                                     0x200000a8   Data           4  main.o(.data)
    time                                     0x200000ac   Data           4  main.o(.data)
    num_res                                  0x200000b0   Data           4  main.o(.data)
    error                                    0x200000b4   Data           4  main.o(.data)
    Pitch                                    0x200000b8   Data           4  main.o(.data)
    Roll                                     0x200000bc   Data           4  main.o(.data)
    Yaw                                      0x200000c0   Data           4  main.o(.data)
    i                                        0x200000c4   Data           4  main.o(.data)
    gm65_flag                                0x200000c8   Data           4  main.o(.data)
    qr_up_test                               0x200000cc   Data           3  main.o(.data)
    qr_down_test                             0x200000cf   Data           3  main.o(.data)
    color1_test                              0x200000d2   Data           3  main.o(.data)
    color2_test                              0x200000d5   Data           3  main.o(.data)
    state                                    0x200000d8   Data           4  bsp_usart.o(.data)
    state1                                   0x200000dc   Data           4  bsp_usart.o(.data)
    state_qr                                 0x200000e0   Data           4  bsp_usart.o(.data)
    get_qr_flag                              0x200000e4   Data           4  bsp_usart.o(.data)
    get_position1_flag                       0x200000e8   Data           4  bsp_usart.o(.data)
    get_position2_flag                       0x200000ec   Data           4  bsp_usart.o(.data)
    Rec_time                                 0x200000f0   Data           4  bsp_usart.o(.data)
    RxCounter1                               0x200000f4   Data           4  bsp_usart.o(.data)
    RxCounter2                               0x200000f8   Data           4  bsp_usart.o(.data)
    pos1                                     0x200000fc   Data           4  bsp_usart.o(.data)
    pos2                                     0x20000100   Data           4  bsp_usart.o(.data)
    Qr1                                      0x20000104   Data           4  bsp_usart.o(.data)
    Qr2                                      0x20000108   Data           4  bsp_usart.o(.data)
    code                                     0x20000110   Data           4  hand.o(.data)
    color1                                   0x20000114   Data           3  hand.o(.data)
    color2                                   0x20000117   Data           3  hand.o(.data)
    Qr_up                                    0x2000011a   Data           3  hand.o(.data)
    Qr_down                                  0x2000011d   Data           3  hand.o(.data)
    qr_code                                  0x20000120   Data           3  hand.o(.data)
    rcv                                      0x200001d4   Data           1  bsp_usart5.o(.data)
    num                                      0x200001d8   Data           4  bsp_usart5.o(.data)
    rcv_buf                                  0x200001dc   Data           7  bsp_usart5.o(.data)
    __stdout                                 0x200001e4   Data           4  stdout.o(.data)
    Rx_Qr                                    0x200001e8   Data          28  bsp_usart.o(.bss)
    RxBuffer1                                0x20000204   Data          20  bsp_usart.o(.bss)
    rcl_buf                                  0x20000218   Data          28  bsp_usart5.o(.bss)
    OLED_GRAM                                0x20000234   Data        1152  oled.o(.bss)
    __initial_sp                             0x20000ab8   Data           0  startup_stm32f10x_hd.o(STACK)



==============================================================================

Memory Map of the image

  Image Entry point : 0x08000131

  Load Region LR_IROM1 (Base: 0x08000000, Size: 0x000031e4, Max: 0x00080000, ABSOLUTE, COMPRESSED[0x00003044])

    Execution Region ER_IROM1 (Exec base: 0x08000000, Load base: 0x08000000, Size: 0x00002ffc, Max: 0x00080000, ABSOLUTE)

    Exec Addr    Load Addr    Size         Type   Attr      Idx    E Section Name        Object

    0x08000000   0x08000000   0x00000130   Data   RO            3    RESET               startup_stm32f10x_hd.o
    0x08000130   0x08000130   0x00000000   Code   RO         4390  * .ARM.Collect$$$$00000000  mc_w.l(entry.o)
    0x08000130   0x08000130   0x00000004   Code   RO         4682    .ARM.Collect$$$$00000001  mc_w.l(entry2.o)
    0x08000134   0x08000134   0x00000004   Code   RO         4685    .ARM.Collect$$$$00000004  mc_w.l(entry5.o)
    0x08000138   0x08000138   0x00000000   Code   RO         4687    .ARM.Collect$$$$00000008  mc_w.l(entry7b.o)
    0x08000138   0x08000138   0x00000000   Code   RO         4689    .ARM.Collect$$$$0000000A  mc_w.l(entry8b.o)
    0x08000138   0x08000138   0x00000008   Code   RO         4690    .ARM.Collect$$$$0000000B  mc_w.l(entry9a.o)
    0x08000140   0x08000140   0x00000004   Code   RO         4697    .ARM.Collect$$$$0000000E  mc_w.l(entry12b.o)
    0x08000144   0x08000144   0x00000000   Code   RO         4692    .ARM.Collect$$$$0000000F  mc_w.l(entry10a.o)
    0x08000144   0x08000144   0x00000000   Code   RO         4694    .ARM.Collect$$$$00000011  mc_w.l(entry11a.o)
    0x08000144   0x08000144   0x00000004   Code   RO         4683    .ARM.Collect$$$$00002712  mc_w.l(entry2.o)
    0x08000148   0x08000148   0x00000024   Code   RO            4    .text               startup_stm32f10x_hd.o
    0x0800016c   0x0800016c   0x0000014e   Code   RO         4660    .text               mf_w.l(dadd.o)
    0x080002ba   0x080002ba   0x000000e4   Code   RO         4662    .text               mf_w.l(dmul.o)
    0x0800039e   0x0800039e   0x000000de   Code   RO         4664    .text               mf_w.l(ddiv.o)
    0x0800047c   0x0800047c   0x00000022   Code   RO         4668    .text               mf_w.l(dflti.o)
    0x0800049e   0x0800049e   0x00000032   Code   RO         4672    .text               mf_w.l(dfixui.o)
    0x080004d0   0x080004d0   0x00000026   Code   RO         4674    .text               mf_w.l(f2d.o)
    0x080004f6   0x080004f6   0x00000038   Code   RO         4676    .text               mf_w.l(d2f.o)
    0x0800052e   0x0800052e   0x0000002c   Code   RO         4699    .text               mc_w.l(uidiv.o)
    0x0800055a   0x0800055a   0x0000001e   Code   RO         4703    .text               mc_w.l(llshl.o)
    0x08000578   0x08000578   0x00000020   Code   RO         4705    .text               mc_w.l(llushr.o)
    0x08000598   0x08000598   0x00000024   Code   RO         4707    .text               mc_w.l(llsshr.o)
    0x080005bc   0x080005bc   0x00000000   Code   RO         4709    .text               mc_w.l(iusefp.o)
    0x080005bc   0x080005bc   0x0000006e   Code   RO         4710    .text               mf_w.l(fepilogue.o)
    0x0800062a   0x0800062a   0x000000ba   Code   RO         4712    .text               mf_w.l(depilogue.o)
    0x080006e4   0x080006e4   0x00000030   Code   RO         4716    .text               mf_w.l(cdrcmple.o)
    0x08000714   0x08000714   0x00000024   Code   RO         4718    .text               mc_w.l(init.o)
    0x08000738   0x08000738   0x00000056   Code   RO         4728    .text               mc_w.l(__dczerorl2.o)
    0x0800078e   0x0800078e   0x00000004   Code   RO         3197    i.BusFault_Handler  stm32f10x_it.o
    0x08000792   0x08000792   0x00000002   Code   RO         3198    i.DebugMon_Handler  stm32f10x_it.o
    0x08000794   0x08000794   0x00000098   Code   RO         3699    i.Encoder_TIM2_Init  encoder.o
    0x0800082c   0x0800082c   0x00000094   Code   RO         3700    i.Encoder_TIM3_Init  encoder.o
    0x080008c0   0x080008c0   0x0000009c   Code   RO         3701    i.Encoder_TIM4_Init  encoder.o
    0x0800095c   0x0800095c   0x00000116   Code   RO         1292    i.GPIO_Init         stm32f10x_gpio.o
    0x08000a72   0x08000a72   0x00000004   Code   RO         1299    i.GPIO_ResetBits    stm32f10x_gpio.o
    0x08000a76   0x08000a76   0x00000004   Code   RO         1300    i.GPIO_SetBits      stm32f10x_gpio.o
    0x08000a7a   0x08000a7a   0x00000002   PAD
    0x08000a7c   0x08000a7c   0x00000054   Code   RO         3486    i.GPIO_init         num.o
    0x08000ad0   0x08000ad0   0x00000004   Code   RO         3199    i.HardFault_Handler  stm32f10x_it.o
    0x08000ad4   0x08000ad4   0x00000038   Code   RO         4221    i.I2C_Start         oled.o
    0x08000b0c   0x08000b0c   0x00000028   Code   RO         4222    i.I2C_Stop          oled.o
    0x08000b34   0x08000b34   0x00000030   Code   RO         4223    i.I2C_WaitAck       oled.o
    0x08000b64   0x08000b64   0x00000050   Code   RO         4066    i.IIC_Ack           myiic.o
    0x08000bb4   0x08000bb4   0x00000038   Code   RO         4067    i.IIC_Init          myiic.o
    0x08000bec   0x08000bec   0x00000050   Code   RO         4068    i.IIC_NAck          myiic.o
    0x08000c3c   0x08000c3c   0x00000070   Code   RO         4069    i.IIC_Read_Byte     myiic.o
    0x08000cac   0x08000cac   0x00000074   Code   RO         4070    i.IIC_Send_Byte     myiic.o
    0x08000d20   0x08000d20   0x0000004c   Code   RO         4071    i.IIC_Start         myiic.o
    0x08000d6c   0x08000d6c   0x0000004c   Code   RO         4072    i.IIC_Stop          myiic.o
    0x08000db8   0x08000db8   0x00000064   Code   RO         4073    i.IIC_Wait_Ack      myiic.o
    0x08000e1c   0x08000e1c   0x00000010   Code   RO         4224    i.IIC_delay         oled.o
    0x08000e2c   0x08000e2c   0x00000004   Code   RO         3200    i.MemManage_Handler  stm32f10x_it.o
    0x08000e30   0x08000e30   0x00000078   Code   RO         3583    i.Motor_Init        speed.o
    0x08000ea8   0x08000ea8   0x00000002   Code   RO         3201    i.NMI_Handler       stm32f10x_it.o
    0x08000eaa   0x08000eaa   0x00000026   Code   RO         3277    i.NVIC_Configuration  bsp_usart.o
    0x08000ed0   0x08000ed0   0x00000026   Code   RO         4172    i.NVIC_Configuration_uart5  bsp_usart5.o
    0x08000ef6   0x08000ef6   0x00000002   PAD
    0x08000ef8   0x08000ef8   0x00000070   Code   RO          137    i.NVIC_Init         misc.o
    0x08000f68   0x08000f68   0x00000014   Code   RO          138    i.NVIC_PriorityGroupConfig  misc.o
    0x08000f7c   0x08000f7c   0x00000030   Code   RO         4225    i.OLED_Clear        oled.o
    0x08000fac   0x08000fac   0x00000178   Code   RO         4233    i.OLED_Init         oled.o
    0x08001124   0x08001124   0x00000068   Code   RO         4235    i.OLED_Refresh      oled.o
    0x0800118c   0x0800118c   0x00000038   Code   RO         4242    i.OLED_WR_Byte      oled.o
    0x080011c4   0x080011c4   0x00000148   Code   RO         3278    i.Openmv_Receive_Data1  bsp_usart.o
    0x0800130c   0x0800130c   0x00000140   Code   RO         3279    i.Openmv_Receive_Data2  bsp_usart.o
    0x0800144c   0x0800144c   0x0000013c   Code   RO         3280    i.Openmv_Receive_Qr  bsp_usart.o
    0x08001588   0x08001588   0x00000002   Code   RO         3202    i.PendSV_Handler    stm32f10x_it.o
    0x0800158a   0x0800158a   0x00000002   PAD
    0x0800158c   0x0800158c   0x00000020   Code   RO         1708    i.RCC_APB1PeriphClockCmd  stm32f10x_rcc.o
    0x080015ac   0x080015ac   0x00000020   Code   RO         1709    i.RCC_APB1PeriphResetCmd  stm32f10x_rcc.o
    0x080015cc   0x080015cc   0x00000020   Code   RO         1710    i.RCC_APB2PeriphClockCmd  stm32f10x_rcc.o
    0x080015ec   0x080015ec   0x00000020   Code   RO         1711    i.RCC_APB2PeriphResetCmd  stm32f10x_rcc.o
    0x0800160c   0x0800160c   0x000000d4   Code   RO         1718    i.RCC_GetClocksFreq  stm32f10x_rcc.o
    0x080016e0   0x080016e0   0x00000002   Code   RO         3203    i.SVC_Handler       stm32f10x_it.o
    0x080016e2   0x080016e2   0x00000002   PAD
    0x080016e4   0x080016e4   0x00000050   Code   RO         4244    i.Send_Byte         oled.o
    0x08001734   0x08001734   0x00000008   Code   RO           24    i.SetSysClock       system_stm32f10x.o
    0x0800173c   0x0800173c   0x000000e0   Code   RO           25    i.SetSysClockTo72   system_stm32f10x.o
    0x0800181c   0x0800181c   0x00000028   Code   RO          141    i.SysTick_CLKSourceConfig  misc.o
    0x08001844   0x08001844   0x00000002   Code   RO         3204    i.SysTick_Handler   stm32f10x_it.o
    0x08001846   0x08001846   0x00000002   PAD
    0x08001848   0x08001848   0x00000060   Code   RO           27    i.SystemInit        system_stm32f10x.o
    0x080018a8   0x080018a8   0x00000080   Code   RO         2326    i.TI1_Config        stm32f10x_tim.o
    0x08001928   0x08001928   0x00000098   Code   RO         2327    i.TI2_Config        stm32f10x_tim.o
    0x080019c0   0x080019c0   0x00000090   Code   RO         2328    i.TI3_Config        stm32f10x_tim.o
    0x08001a50   0x08001a50   0x00000098   Code   RO         2329    i.TI4_Config        stm32f10x_tim.o
    0x08001ae8   0x08001ae8   0x000000c8   Code   RO         3669    i.TIM1_PWM_Init     timer.o
    0x08001bb0   0x08001bb0   0x00000016   Code   RO         3704    i.TIM2_IRQHandler   encoder.o
    0x08001bc6   0x08001bc6   0x00000002   PAD
    0x08001bc8   0x08001bc8   0x00000020   Code   RO         3705    i.TIM3_IRQHandler   encoder.o
    0x08001be8   0x08001be8   0x0000001c   Code   RO         3706    i.TIM4_IRQHandler   encoder.o
    0x08001c04   0x08001c04   0x00000028   Code   RO         3205    i.TIM6_IRQHandler   stm32f10x_it.o
    0x08001c2c   0x08001c2c   0x000000a0   Code   RO         3708    i.TIM8_encoder_init  encoder.o
    0x08001ccc   0x08001ccc   0x00000018   Code   RO         2330    i.TIM_ARRPreloadConfig  stm32f10x_tim.o
    0x08001ce4   0x08001ce4   0x00000006   Code   RO         2336    i.TIM_ClearFlag     stm32f10x_tim.o
    0x08001cea   0x08001cea   0x00000006   Code   RO         2337    i.TIM_ClearITPendingBit  stm32f10x_tim.o
    0x08001cf0   0x08001cf0   0x00000018   Code   RO         2342    i.TIM_Cmd           stm32f10x_tim.o
    0x08001d08   0x08001d08   0x0000001e   Code   RO         2344    i.TIM_CtrlPWMOutputs  stm32f10x_tim.o
    0x08001d26   0x08001d26   0x00000042   Code   RO         2351    i.TIM_EncoderInterfaceConfig  stm32f10x_tim.o
    0x08001d68   0x08001d68   0x00000022   Code   RO         2363    i.TIM_GetITStatus   stm32f10x_tim.o
    0x08001d8a   0x08001d8a   0x00000002   PAD
    0x08001d8c   0x08001d8c   0x000000ac   Code   RO         2365    i.TIM_ICInit        stm32f10x_tim.o
    0x08001e38   0x08001e38   0x00000012   Code   RO         2366    i.TIM_ICStructInit  stm32f10x_tim.o
    0x08001e4a   0x08001e4a   0x00000012   Code   RO         2367    i.TIM_ITConfig      stm32f10x_tim.o
    0x08001e5c   0x08001e5c   0x00000098   Code   RO         2371    i.TIM_OC1Init       stm32f10x_tim.o
    0x08001ef4   0x08001ef4   0x00000012   Code   RO         2374    i.TIM_OC1PreloadConfig  stm32f10x_tim.o
    0x08001f06   0x08001f06   0x00000002   PAD
    0x08001f08   0x08001f08   0x000000a4   Code   RO         2376    i.TIM_OC2Init       stm32f10x_tim.o
    0x08001fac   0x08001fac   0x0000001a   Code   RO         2379    i.TIM_OC2PreloadConfig  stm32f10x_tim.o
    0x08001fc6   0x08001fc6   0x00000002   PAD
    0x08001fc8   0x08001fc8   0x000000a0   Code   RO         2381    i.TIM_OC3Init       stm32f10x_tim.o
    0x08002068   0x08002068   0x00000012   Code   RO         2384    i.TIM_OC3PreloadConfig  stm32f10x_tim.o
    0x0800207a   0x0800207a   0x00000002   PAD
    0x0800207c   0x0800207c   0x0000007c   Code   RO         2386    i.TIM_OC4Init       stm32f10x_tim.o
    0x080020f8   0x080020f8   0x0000001a   Code   RO         2388    i.TIM_OC4PreloadConfig  stm32f10x_tim.o
    0x08002112   0x08002112   0x00000004   Code   RO         2407    i.TIM_SetCounter    stm32f10x_tim.o
    0x08002116   0x08002116   0x00000012   Code   RO         2408    i.TIM_SetIC1Prescaler  stm32f10x_tim.o
    0x08002128   0x08002128   0x0000001a   Code   RO         2409    i.TIM_SetIC2Prescaler  stm32f10x_tim.o
    0x08002142   0x08002142   0x00000012   Code   RO         2410    i.TIM_SetIC3Prescaler  stm32f10x_tim.o
    0x08002154   0x08002154   0x0000001a   Code   RO         2411    i.TIM_SetIC4Prescaler  stm32f10x_tim.o
    0x0800216e   0x0800216e   0x00000002   PAD
    0x08002170   0x08002170   0x000000a4   Code   RO         2413    i.TIM_TimeBaseInit  stm32f10x_tim.o
    0x08002214   0x08002214   0x00000012   Code   RO         2414    i.TIM_TimeBaseStructInit  stm32f10x_tim.o
    0x08002226   0x08002226   0x00000002   PAD
    0x08002228   0x08002228   0x000000bc   Code   RO         4173    i.UART5_IRQHandler  bsp_usart5.o
    0x080022e4   0x080022e4   0x00000064   Code   RO         3206    i.USART2_IRQHandler  stm32f10x_it.o
    0x08002348   0x08002348   0x000000b4   Code   RO         3281    i.USART2_Init       bsp_usart.o
    0x080023fc   0x080023fc   0x00000090   Code   RO         3282    i.USART3_Config     bsp_usart.o
    0x0800248c   0x0800248c   0x00000024   Code   RO         3283    i.USART3_IRQHandler  bsp_usart.o
    0x080024b0   0x080024b0   0x0000001e   Code   RO         2875    i.USART_ClearITPendingBit  stm32f10x_usart.o
    0x080024ce   0x080024ce   0x00000018   Code   RO         2878    i.USART_Cmd         stm32f10x_usart.o
    0x080024e6   0x080024e6   0x00000002   PAD
    0x080024e8   0x080024e8   0x0000009c   Code   RO         2880    i.USART_DeInit      stm32f10x_usart.o
    0x08002584   0x08002584   0x0000001a   Code   RO         2881    i.USART_GetFlagStatus  stm32f10x_usart.o
    0x0800259e   0x0800259e   0x00000054   Code   RO         2882    i.USART_GetITStatus  stm32f10x_usart.o
    0x080025f2   0x080025f2   0x0000004a   Code   RO         2884    i.USART_ITConfig    stm32f10x_usart.o
    0x0800263c   0x0800263c   0x000000d8   Code   RO         2885    i.USART_Init        stm32f10x_usart.o
    0x08002714   0x08002714   0x0000000a   Code   RO         2892    i.USART_ReceiveData  stm32f10x_usart.o
    0x0800271e   0x0800271e   0x00000008   Code   RO         2895    i.USART_SendData    stm32f10x_usart.o
    0x08002726   0x08002726   0x00000004   Code   RO         3207    i.UsageFault_Handler  stm32f10x_it.o
    0x0800272a   0x0800272a   0x00000002   PAD
    0x0800272c   0x0800272c   0x00000020   Code   RO         4438    i.__0printf$1       mc_w.l(printf1.o)
    0x0800274c   0x0800274c   0x0000000e   Code   RO         4722    i.__scatterload_copy  mc_w.l(handlers.o)
    0x0800275a   0x0800275a   0x00000002   Code   RO         4723    i.__scatterload_null  mc_w.l(handlers.o)
    0x0800275c   0x0800275c   0x0000000e   Code   RO         4724    i.__scatterload_zeroinit  mc_w.l(handlers.o)
    0x0800276a   0x0800276a   0x00000002   PAD
    0x0800276c   0x0800276c   0x00000154   Code   RO         4445    i._printf_core      mc_w.l(printf1.o)
    0x080028c0   0x080028c0   0x00000188   Code   RO         3783    i.catch_zhong3      hand.o
    0x08002a48   0x08002a48   0x00000044   Code   RO         3423    i.delay_init        delay.o
    0x08002a8c   0x08002a8c   0x0000004c   Code   RO         3424    i.delay_ms          delay.o
    0x08002ad8   0x08002ad8   0x0000004c   Code   RO         3425    i.delay_us          delay.o
    0x08002b24   0x08002b24   0x000000dc   Code   RO         4387    i.floor             m_ws.l(floor.o)
    0x08002c00   0x08002c00   0x00000024   Code   RO         3285    i.fputc             bsp_usart.o
    0x08002c24   0x08002c24   0x00000064   Code   RO         3108    i.main              main.o
    0x08002c88   0x08002c88   0x0000003a   Code   RO         4124    i.pca_read          pca9685.o
    0x08002cc2   0x08002cc2   0x00000002   PAD
    0x08002cc4   0x08002cc4   0x000000cc   Code   RO         4125    i.pca_setfreq       pca9685.o
    0x08002d90   0x08002d90   0x00000048   Code   RO         4126    i.pca_setpwm        pca9685.o
    0x08002dd8   0x08002dd8   0x0000002e   Code   RO         4127    i.pca_write         pca9685.o
    0x08002e06   0x08002e06   0x00000068   Code   RO         3802    i.rank_position     hand.o
    0x08002e6e   0x08002e6e   0x00000002   PAD
    0x08002e70   0x08002e70   0x000000b8   Code   RO         3551    i.road_init         road.o
    0x08002f28   0x08002f28   0x00000022   Code   RO         3592    i.speed_init        speed.o
    0x08002f4a   0x08002f4a   0x00000002   PAD
    0x08002f4c   0x08002f4c   0x00000090   Code   RO         4176    i.uart5_init        bsp_usart5.o
    0x08002fdc   0x08002fdc   0x00000020   Data   RO         4720    Region$$Table       anon$$obj.o


    Execution Region RW_IRAM1 (Exec base: 0x20000000, Load base: 0x08002ffc, Size: 0x00000ab8, Max: 0x00010000, ABSOLUTE, COMPRESSED[0x00000048])

    Exec Addr    Load Addr    Size         Type   Attr      Idx    E Section Name        Object

    0x20000000   COMPRESSED   0x00000014   Data   RW           28    .data               system_stm32f10x.o
    0x20000014   COMPRESSED   0x00000014   Data   RW         1738    .data               stm32f10x_rcc.o
    0x20000028   COMPRESSED   0x000000b0   Data   RW         3109    .data               main.o
    0x200000d8   COMPRESSED   0x00000034   Data   RW         3290    .data               bsp_usart.o
    0x2000010c   COMPRESSED   0x00000004   Data   RW         3426    .data               delay.o
    0x20000110   COMPRESSED   0x000000c4   Data   RW         3804    .data               hand.o
    0x200001d4   COMPRESSED   0x00000010   Data   RW         4179    .data               bsp_usart5.o
    0x200001e4   COMPRESSED   0x00000004   Data   RW         4698    .data               mc_w.l(stdout.o)
    0x200001e8        -       0x00000030   Zero   RW         3289    .bss                bsp_usart.o
    0x20000218        -       0x0000001c   Zero   RW         4178    .bss                bsp_usart5.o
    0x20000234        -       0x00000480   Zero   RW         4245    .bss                oled.o
    0x200006b4   COMPRESSED   0x00000004   PAD
    0x200006b8        -       0x00000400   Zero   RW            1    STACK               startup_stm32f10x_hd.o


==============================================================================

Image component sizes


      Code (inc. data)   RO Data    RW Data    ZI Data      Debug   Object Name

      1398        184          0         52         48       5877   bsp_usart.o
       370         42          0         16         28       2670   bsp_usart5.o
         0          0          0          0          0       4516   core_cm3.o
       220         26          0          4          0       1611   delay.o
       698         46          0          0          0       3882   encoder.o
       496         40          0        196          0      16330   hand.o
       100          6          0        176          0       4149   main.o
       172         22          0          0          0       2153   misc.o
       696        100          0          0          0       4062   myiic.o
        84          8          0          0          0        492   num.o
       824         58          0          0       1152       7706   oled.o
       380         24          0          0          0       2334   pca9685.o
       184         24          0          0          0        536   road.o
       154         12          0          0          0        958   speed.o
        36          8        304          0       1024        848   startup_stm32f10x_hd.o
       286          0          0          0          0       3132   stm32f10x_gpio.o
       166         18          0          0          0       4644   stm32f10x_it.o
       340         44          0         20          0       5708   stm32f10x_rcc.o
      1936        200          0          0          0      19433   stm32f10x_tim.o
       628         28          0          0          0       7650   stm32f10x_usart.o
       328         28          0         20          0     250633   system_stm32f10x.o
       200          8          0          0          0        756   timer.o

    ----------------------------------------------------------------------
      9730        926        336        484       2256     350080   Object Totals
         0          0         32          0          0          0   (incl. Generated)
        34          0          0          0          4          0   (incl. Padding)

    ----------------------------------------------------------------------

      Code (inc. data)   RO Data    RW Data    ZI Data      Debug   Library Member Name

       220         16          0          0          0         84   floor.o
        86          0          0          0          0          0   __dczerorl2.o
         0          0          0          0          0          0   entry.o
         0          0          0          0          0          0   entry10a.o
         0          0          0          0          0          0   entry11a.o
         4          0          0          0          0          0   entry12b.o
         8          4          0          0          0          0   entry2.o
         4          0          0          0          0          0   entry5.o
         0          0          0          0          0          0   entry7b.o
         0          0          0          0          0          0   entry8b.o
         8          4          0          0          0          0   entry9a.o
        30          0          0          0          0          0   handlers.o
        36          8          0          0          0         68   init.o
         0          0          0          0          0          0   iusefp.o
        30          0          0          0          0         68   llshl.o
        36          0          0          0          0         68   llsshr.o
        32          0          0          0          0         68   llushr.o
       372         14          0          0          0        184   printf1.o
         0          0          0          4          0          0   stdout.o
        44          0          0          0          0         80   uidiv.o
        48          0          0          0          0         68   cdrcmple.o
        56          0          0          0          0         88   d2f.o
       334          0          0          0          0        148   dadd.o
       222          0          0          0          0        100   ddiv.o
       186          0          0          0          0        176   depilogue.o
        50          0          0          0          0         76   dfixui.o
        34          0          0          0          0         76   dflti.o
       228          0          0          0          0         96   dmul.o
        38          0          0          0          0         68   f2d.o
       110          0          0          0          0        168   fepilogue.o

    ----------------------------------------------------------------------
      2218         46          0          4          0       1684   Library Totals
         2          0          0          0          0          0   (incl. Padding)

    ----------------------------------------------------------------------

      Code (inc. data)   RO Data    RW Data    ZI Data      Debug   Library Name

       220         16          0          0          0         84   m_ws.l
       690         30          0          4          0        536   mc_w.l
      1306          0          0          0          0       1064   mf_w.l

    ----------------------------------------------------------------------
      2218         46          0          4          0       1684   Library Totals

    ----------------------------------------------------------------------

==============================================================================


      Code (inc. data)   RO Data    RW Data    ZI Data      Debug   

     11948        972        336        488       2256     345496   Grand Totals
     11948        972        336         72       2256     345496   ELF Image Totals (compressed)
     11948        972        336         72          0          0   ROM Totals

==============================================================================

    Total RO  Size (Code + RO Data)                12284 (  12.00kB)
    Total RW  Size (RW Data + ZI Data)              2744 (   2.68kB)
    Total ROM Size (Code + RO Data + RW Data)      12356 (  12.07kB)

==============================================================================

